Component: ARM Compiler 5.06 update 6 (build 750) Tool: armlink [4d35ed]

==============================================================================

Section Cross References

    startup_stm32f103xb.o(RESET) refers to startup_stm32f103xb.o(STACK) for __initial_sp
    startup_stm32f103xb.o(RESET) refers to startup_stm32f103xb.o(.text) for Reset_Handler
    startup_stm32f103xb.o(RESET) refers to stm32f1xx_it.o(i.NMI_Handler) for NMI_Handler
    startup_stm32f103xb.o(RESET) refers to stm32f1xx_it.o(i.HardFault_Handler) for HardFault_Handler
    startup_stm32f103xb.o(RESET) refers to stm32f1xx_it.o(i.MemManage_Handler) for MemManage_Handler
    startup_stm32f103xb.o(RESET) refers to stm32f1xx_it.o(i.BusFault_Handler) for BusFault_Handler
    startup_stm32f103xb.o(RESET) refers to stm32f1xx_it.o(i.UsageFault_Handler) for UsageFault_Handler
    startup_stm32f103xb.o(RESET) refers to stm32f1xx_it.o(i.SVC_Handler) for SVC_Handler
    startup_stm32f103xb.o(RESET) refers to stm32f1xx_it.o(i.DebugMon_Handler) for DebugMon_Handler
    startup_stm32f103xb.o(RESET) refers to stm32f1xx_it.o(i.PendSV_Handler) for PendSV_Handler
    startup_stm32f103xb.o(RESET) refers to stm32f1xx_it.o(i.SysTick_Handler) for SysTick_Handler
    startup_stm32f103xb.o(.text) refers to system_stm32f1xx.o(i.SystemInit) for SystemInit
    startup_stm32f103xb.o(.text) refers to entry.o(.ARM.Collect$$$$00000000) for __main
    stm32f1xx_hal_flash.o(i.FLASH_Program_HalfWord) refers to stm32f1xx_hal_flash.o(.bss) for .bss
    stm32f1xx_hal_flash.o(i.FLASH_SetErrorCode) refers to stm32f1xx_hal_flash.o(.bss) for .bss
    stm32f1xx_hal_flash.o(i.FLASH_WaitForLastOperation) refers to stm32f1xx_hal.o(i.HAL_GetTick) for HAL_GetTick
    stm32f1xx_hal_flash.o(i.FLASH_WaitForLastOperation) refers to stm32f1xx_hal_flash.o(i.FLASH_SetErrorCode) for FLASH_SetErrorCode
    stm32f1xx_hal_flash.o(i.HAL_FLASH_GetError) refers to stm32f1xx_hal_flash.o(.bss) for .bss
    stm32f1xx_hal_flash.o(i.HAL_FLASH_IRQHandler) refers to stm32f1xx_hal_flash.o(i.FLASH_SetErrorCode) for FLASH_SetErrorCode
    stm32f1xx_hal_flash.o(i.HAL_FLASH_IRQHandler) refers to stm32f1xx_hal_flash.o(i.HAL_FLASH_OperationErrorCallback) for HAL_FLASH_OperationErrorCallback
    stm32f1xx_hal_flash.o(i.HAL_FLASH_IRQHandler) refers to stm32f1xx_hal_flash.o(i.FLASH_Program_HalfWord) for FLASH_Program_HalfWord
    stm32f1xx_hal_flash.o(i.HAL_FLASH_IRQHandler) refers to stm32f1xx_hal_flash.o(i.HAL_FLASH_EndOfOperationCallback) for HAL_FLASH_EndOfOperationCallback
    stm32f1xx_hal_flash.o(i.HAL_FLASH_IRQHandler) refers to stm32f1xx_hal_flash_ex.o(i.FLASH_PageErase) for FLASH_PageErase
    stm32f1xx_hal_flash.o(i.HAL_FLASH_IRQHandler) refers to stm32f1xx_hal_flash.o(.bss) for .bss
    stm32f1xx_hal_flash.o(i.HAL_FLASH_OB_Launch) refers to stm32f1xx_hal_cortex.o(i.HAL_NVIC_SystemReset) for HAL_NVIC_SystemReset
    stm32f1xx_hal_flash.o(i.HAL_FLASH_Program) refers to stm32f1xx_hal_flash.o(i.FLASH_WaitForLastOperation) for FLASH_WaitForLastOperation
    stm32f1xx_hal_flash.o(i.HAL_FLASH_Program) refers to llushr.o(.text) for __aeabi_llsr
    stm32f1xx_hal_flash.o(i.HAL_FLASH_Program) refers to stm32f1xx_hal_flash.o(i.FLASH_Program_HalfWord) for FLASH_Program_HalfWord
    stm32f1xx_hal_flash.o(i.HAL_FLASH_Program) refers to stm32f1xx_hal_flash.o(.bss) for .bss
    stm32f1xx_hal_flash.o(i.HAL_FLASH_Program_IT) refers to stm32f1xx_hal_flash.o(i.FLASH_Program_HalfWord) for FLASH_Program_HalfWord
    stm32f1xx_hal_flash.o(i.HAL_FLASH_Program_IT) refers to stm32f1xx_hal_flash.o(.bss) for .bss
    stm32f1xx_hal_gpio.o(i.HAL_GPIO_EXTI_IRQHandler) refers to stm32f1xx_hal_gpio.o(i.HAL_GPIO_EXTI_Callback) for HAL_GPIO_EXTI_Callback
    stm32f1xx_hal_dma.o(i.HAL_DMA_PollForTransfer) refers to stm32f1xx_hal.o(i.HAL_GetTick) for HAL_GetTick
    stm32f1xx_hal_dma.o(i.HAL_DMA_Start) refers to stm32f1xx_hal_dma.o(i.DMA_SetConfig) for DMA_SetConfig
    stm32f1xx_hal_dma.o(i.HAL_DMA_Start_IT) refers to stm32f1xx_hal_dma.o(i.DMA_SetConfig) for DMA_SetConfig
    stm32f1xx_hal_rcc_ex.o(i.HAL_RCCEx_GetPeriphCLKFreq) refers to stm32f1xx_hal_rcc.o(i.HAL_RCC_GetPCLK2Freq) for HAL_RCC_GetPCLK2Freq
    stm32f1xx_hal_rcc_ex.o(i.HAL_RCCEx_PeriphCLKConfig) refers to stm32f1xx_hal.o(i.HAL_GetTick) for HAL_GetTick
    stm32f1xx_hal_rcc.o(i.HAL_RCC_ClockConfig) refers to stm32f1xx_hal.o(i.HAL_GetTick) for HAL_GetTick
    stm32f1xx_hal_rcc.o(i.HAL_RCC_ClockConfig) refers to stm32f1xx_hal_rcc.o(i.HAL_RCC_GetSysClockFreq) for HAL_RCC_GetSysClockFreq
    stm32f1xx_hal_rcc.o(i.HAL_RCC_ClockConfig) refers to stm32f1xx_hal.o(i.HAL_InitTick) for HAL_InitTick
    stm32f1xx_hal_rcc.o(i.HAL_RCC_ClockConfig) refers to system_stm32f1xx.o(.constdata) for AHBPrescTable
    stm32f1xx_hal_rcc.o(i.HAL_RCC_ClockConfig) refers to system_stm32f1xx.o(.data) for SystemCoreClock
    stm32f1xx_hal_rcc.o(i.HAL_RCC_DeInit) refers to stm32f1xx_hal.o(i.HAL_GetTick) for HAL_GetTick
[...]
    Removing u8g_pb8h1.o(i.u8g_pb8h1_SetPixel), (38 bytes).
    Removing u8g_pb8h1.o(i.u8g_pb8h1_set_pixel), (46 bytes).
    Removing u8g_pb.o(i.u8g_pb_IsIntersection), (48 bytes).
    Removing u8g_pb.o(i.u8g_pb_IsXIntersection), (26 bytes).
    Removing u8g_page.o(i.u8g_page_Init), (12 bytes).
    Removing u8g_line.o(i.u8g_DrawLine), (170 bytes).
    Removing u8g_font_data.o(.constdata), (826 bytes).
    Removing u8g_font_data.o(.constdata), (136 bytes).
    Removing u8g_font_data.o(.constdata), (696 bytes).
    Removing u8g_font_data.o(.constdata), (859 bytes).
    Removing u8g_font_data.o(.constdata), (136 bytes).
    Removing u8g_font_data.o(.constdata), (729 bytes).
    Removing u8g_font_data.o(.constdata), (912 bytes).
    Removing u8g_font_data.o(.constdata), (136 bytes).
    Removing u8g_font_data.o(.constdata), (735 bytes).
    Removing u8g_font_data.o(.constdata), (4734 bytes).
    Removing u8g_font_data.o(.constdata), (693 bytes).
    Removing u8g_font_data.o(.constdata), (2638 bytes).
    Removing u8g_font_data.o(.constdata), (3453 bytes).
    Removing u8g_font_data.o(.constdata), (1667 bytes).
    Removing u8g_font_data.o(.constdata), (1500 bytes).
    Removing u8g_font_data.o(.constdata), (734 bytes).
    Removing u8g_font_data.o(.constdata), (1624 bytes).
    Removing u8g_font_data.o(.constdata), (789 bytes).
    Removing u8g_font_data.o(.constdata), (1693 bytes).
    Removing u8g_font_data.o(.constdata), (805 bytes).
    Removing u8g_font_data.o(.constdata), (1866 bytes).
    Removing u8g_font_data.o(.constdata), (889 bytes).
    Removing u8g_font_data.o(.constdata), (2382 bytes).
    Removing u8g_font_data.o(.constdata), (427 bytes).
    Removing u8g_font_data.o(.constdata), (2316 bytes).
    Removing u8g_font_data.o(.constdata), (1933 bytes).
    Removing u8g_font_data.o(.constdata), (898 bytes).
    Removing u8g_font_data.o(.constdata), (2236 bytes).
    Removing u8g_font_data.o(.constdata), (447 bytes).
    Removing u8g_font_data.o(.constdata), (1470 bytes).
    Removing u8g_font_data.o(.constdata), (2171 bytes).
    Removing u8g_font_data.o(.constdata), (1040 bytes).
    Removing u8g_font_data.o(.constdata), (2160 bytes).
    Removing u8g_font_data.o(.constdata), (2162 bytes).
    Removing u8g_font_data.o(.constdata), (1043 bytes).
    Removing u8g_font_data.o(.constdata), (1041 bytes).
    Removing u8g_font_data.o(.constdata), (2197 bytes).
    Removing u8g_font_data.o(.constdata), (471 bytes).
    Removing u8g_font_data.o(.constdata), (2172 bytes).
    Removing u8g_font_data.o(.constdata), (1041 bytes).
    Removing u8g_font_data.o(.constdata), (2157 bytes).
    Removing u8g_font_data.o(.constdata), (2158 bytes).
    Removing u8g_font_data.o(.constdata), (1035 bytes).
    Removing u8g_font_data.o(.constdata), (1034 bytes).
    Removing u8g_font_data.o(.constdata), (2390 bytes).
    Removing u8g_font_data.o(.constdata), (1151 bytes).
    Removing u8g_font_data.o(.constdata), (2374 bytes).
    Removing u8g_font_data.o(.constdata), (1151 bytes).
    Removing u8g_font_data.o(.constdata), (2420 bytes).
    Removing u8g_font_data.o(.constdata), (496 bytes).
    Removing u8g_font_data.o(.constdata), (2302 bytes).
    Removing u8g_font_data.o(.constdata), (1123 bytes).
    Removing u8g_font_data.o(.constdata), (2152 bytes).
    Removing u8g_font_data.o(.constdata), (2153 bytes).
    Removing u8g_font_data.o(.constdata), (1029 bytes).
    Removing u8g_font_data.o(.constdata), (1028 bytes).
    Removing u8g_font_data.o(.constdata), (3804 bytes).
    Removing u8g_font_data.o(.constdata), (792 bytes).
    Removing u8g_font_data.o(.constdata), (3795 bytes).
    Removing u8g_font_data.o(.constdata), (2990 bytes).
    Removing u8g_font_data.o(.constdata), (1423 bytes).
    Removing u8g_font_data.o(.constdata), (2959 bytes).
    Removing u8g_font_data.o(.constdata), (1427 bytes).
    Removing u8g_font_data.o(.constdata), (3936 bytes).
    Removing u8g_font_data.o(.constdata), (792 bytes).
    Removing u8g_font_data.o(.constdata), (3336 bytes).
    Removing u8g_font_data.o(.constdata), (3026 bytes).
    Removing u8g_font_data.o(.constdata), (1434 bytes).
    Removing u8g_font_data.o(.constdata), (3011 bytes).
    Removing u8g_font_data.o(.constdata), (1424 bytes).
    Removing u8g_font_data.o(.constdata), (2227 bytes).
    Removing u8g_font_data.o(.constdata), (189 bytes).
    Removing u8g_font_data.o(.constdata), (1040 bytes).
    Removing u8g_font_data.o(.constdata), (948 bytes).
    Removing u8g_font_data.o(.constdata), (169 bytes).
    Removing u8g_font_data.o(.constdata), (820 bytes).
    Removing u8g_font_data.o(.constdata), (2236 bytes).
    Removing u8g_font_data.o(.constdata), (189 bytes).
    Removing u8g_font_data.o(.constdata), (1032 bytes).
    Removing u8g_font_data.o(.constdata), (2425 bytes).
    Removing u8g_font_data.o(.constdata), (1145 bytes).
    Removing u8g_font_data.o(.constdata), (3355 bytes).
    Removing u8g_font_data.o(.constdata), (1551 bytes).
    Removing u8g_font_data.o(.constdata), (3959 bytes).
    Removing u8g_font_data.o(.constdata), (1857 bytes).
    Removing u8g_font_data.o(.constdata), (4784 bytes).
    Removing u8g_font_data.o(.constdata), (2167 bytes).
    Removing u8g_font_data.o(.constdata), (6429 bytes).
    Removing u8g_font_data.o(.constdata), (3001 bytes).
    Removing u8g_font_data.o(.constdata), (10502 bytes).
    Removing u8g_font_data.o(.constdata), (4775 bytes).
    Removing u8g_font_data.o(.constdata), (707 bytes).
    Removing u8g_font_data.o(.constdata), (2433 bytes).
    Removing u8g_font_data.o(.constdata), (1157 bytes).
    Removing u8g_font_data.o(.constdata), (3052 bytes).
    Removing u8g_font_data.o(.constdata), (1443 bytes).
    Removing u8g_font_data.o(.constdata), (3471 bytes).
    Removing u8g_font_data.o(.constdata), (1592 bytes).
    Removing u8g_font_data.o(.constdata), (4276 bytes).
    Removing u8g_font_data.o(.constdata), (1988 bytes).
    Removing u8g_font_data.o(.constdata), (6152 bytes).
    Removing u8g_font_data.o(.constdata), (2862 bytes).
    Removing u8g_font_data.o(.constdata), (8729 bytes).
    Removing u8g_font_data.o(.constdata), (658 bytes).
    Removing u8g_font_data.o(.constdata), (3991 bytes).
    Removing u8g_font_data.o(.constdata), (3981 bytes).
    Removing u8g_font_data.o(.constdata), (1123 bytes).
    Removing u8g_font_data.o(.constdata), (3993 bytes).
    Removing u8g_font_data.o(.constdata), (5286 bytes).
    Removing u8g_font_data.o(.constdata), (492 bytes).
    Removing u8g_font_data.o(.constdata), (1702 bytes).
    Removing u8g_font_data.o(.constdata), (167 bytes).
    Removing u8g_font_data.o(.constdata), (878 bytes).
    Removing u8g_font_data.o(.constdata), (1042 bytes).
    Removing u8g_font_data.o(.constdata), (943 bytes).
    Removing u8g_font_data.o(.constdata), (3948 bytes).
    Removing u8g_font_data.o(.constdata), (280 bytes).
    Removing u8g_font_data.o(.constdata), (1829 bytes).
    Removing u8g_font_data.o(.constdata), (5788 bytes).
    Removing u8g_font_data.o(.constdata), (452 bytes).
    Removing u8g_font_data.o(.constdata), (2680 bytes).
    Removing u8g_font_data.o(.constdata), (6938 bytes).
    Removing u8g_font_data.o(.constdata), (530 bytes).
    Removing u8g_font_data.o(.constdata), (3222 bytes).
    Removing u8g_font_data.o(.constdata), (8916 bytes).
    Removing u8g_font_data.o(.constdata), (603 bytes).
    Removing u8g_font_data.o(.constdata), (4022 bytes).
    Removing u8g_font_data.o(.constdata), (477 bytes).
    Removing u8g_font_data.o(.constdata), (12908 bytes).
    Removing u8g_font_data.o(.constdata), (981 bytes).
    Removing u8g_font_data.o(.constdata), (5936 bytes).
    Removing u8g_font_data.o(.constdata), (16953 bytes).
    Removing u8g_font_data.o(.constdata), (1205 bytes).
    Removing u8g_font_data.o(.constdata), (7686 bytes).
    Removing u8g_font_data.o(.constdata), (1697 bytes).
    Removing u8g_font_data.o(.constdata), (2270 bytes).
    Removing u8g_font_data.o(.constdata), (3148 bytes).
    Removing u8g_font_data.o(.constdata), (3712 bytes).
    Removing u8g_font_data.o(.constdata), (279 bytes).
    Removing u8g_font_data.o(.constdata), (1729 bytes).
    Removing u8g_font_data.o(.constdata), (5349 bytes).
    Removing u8g_font_data.o(.constdata), (421 bytes).
    Removing u8g_font_data.o(.constdata), (2489 bytes).
    Removing u8g_font_data.o(.constdata), (6799 bytes).
    Removing u8g_font_data.o(.constdata), (528 bytes).
    Removing u8g_font_data.o(.constdata), (3146 bytes).
    Removing u8g_font_data.o(.constdata), (8654 bytes).
    Removing u8g_font_data.o(.constdata), (616 bytes).
    Removing u8g_font_data.o(.constdata), (3976 bytes).
    Removing u8g_font_data.o(.constdata), (11949 bytes).
    Removing u8g_font_data.o(.constdata), (798 bytes).
    Removing u8g_font_data.o(.constdata), (5389 bytes).
    Removing u8g_font_data.o(.constdata), (16505 bytes).
    Removing u8g_font_data.o(.constdata), (1201 bytes).
    Removing u8g_font_data.o(.constdata), (7380 bytes).
    Removing u8g_font_data.o(.constdata), (1447 bytes).
    Removing u8g_font_data.o(.constdata), (2194 bytes).
    Removing u8g_font_data.o(.constdata), (2683 bytes).
    Removing u8g_font_data.o(.constdata), (4313 bytes).
    Removing u8g_font_data.o(.constdata), (278 bytes).
    Removing u8g_font_data.o(.constdata), (2001 bytes).
    Removing u8g_font_data.o(.constdata), (4626 bytes).
    Removing u8g_font_data.o(.constdata), (301 bytes).
    Removing u8g_font_data.o(.constdata), (2190 bytes).
    Removing u8g_font_data.o(.constdata), (6044 bytes).
    Removing u8g_font_data.o(.constdata), (464 bytes).
    Removing u8g_font_data.o(.constdata), (2842 bytes).
    Removing u8g_font_data.o(.constdata), (7600 bytes).
    Removing u8g_font_data.o(.constdata), (561 bytes).
    Removing u8g_font_data.o(.constdata), (3540 bytes).
    Removing u8g_font_data.o(.constdata), (10077 bytes).
    Removing u8g_font_data.o(.constdata), (646 bytes).
    Removing u8g_font_data.o(.constdata), (4680 bytes).
    Removing u8g_font_data.o(.constdata), (14643 bytes).
    Removing u8g_font_data.o(.constdata), (985 bytes).
    Removing u8g_font_data.o(.constdata), (6779 bytes).
    Removing u8g_font_data.o(.constdata), (19508 bytes).
    Removing u8g_font_data.o(.constdata), (1304 bytes).
    Removing u8g_font_data.o(.constdata), (9112 bytes).
    Removing u8g_font_data.o(.constdata), (3670 bytes).
    Removing u8g_font_data.o(.constdata), (263 bytes).
    Removing u8g_font_data.o(.constdata), (1723 bytes).
    Removing u8g_font_data.o(.constdata), (3977 bytes).
    Removing u8g_font_data.o(.constdata), (276 bytes).
    Removing u8g_font_data.o(.constdata), (1868 bytes).
    Removing u8g_font_data.o(.constdata), (4200 bytes).
    Removing u8g_font_data.o(.constdata), (286 bytes).
    Removing u8g_font_data.o(.constdata), (1992 bytes).
    Removing u8g_font_data.o(.constdata), (5942 bytes).
    Removing u8g_font_data.o(.constdata), (462 bytes).
    Removing u8g_font_data.o(.constdata), (2791 bytes).
    Removing u8g_font_data.o(.constdata), (7056 bytes).
    Removing u8g_font_data.o(.constdata), (559 bytes).
    Removing u8g_font_data.o(.constdata), (3380 bytes).
    Removing u8g_font_data.o(.constdata), (9119 bytes).
    Removing u8g_font_data.o(.constdata), (640 bytes).
    Removing u8g_font_data.o(.constdata), (4232 bytes).
    Removing u8g_font_data.o(.constdata), (13042 bytes).
    Removing u8g_font_data.o(.constdata), (835 bytes).
    Removing u8g_font_data.o(.constdata), (6239 bytes).
    Removing u8g_font_data.o(.constdata), (18369 bytes).
    Removing u8g_font_data.o(.constdata), (1281 bytes).
    Removing u8g_font_data.o(.constdata), (8588 bytes).
    Removing u8g_font_data.o(.constdata), (3248 bytes).
    Removing u8g_font_data.o(.constdata), (248 bytes).
    Removing u8g_font_data.o(.constdata), (1553 bytes).
    Removing u8g_font_data.o(.constdata), (2677 bytes).
    Removing u8g_font_data.o(.constdata), (228 bytes).
    Removing u8g_font_data.o(.constdata), (1287 bytes).
    Removing u8g_font_data.o(.constdata), (3692 bytes).
    Removing u8g_font_data.o(.constdata), (265 bytes).
    Removing u8g_font_data.o(.constdata), (1720 bytes).
    Removing u8g_font_data.o(.constdata), (4077 bytes).
    Removing u8g_font_data.o(.constdata), (281 bytes).
    Removing u8g_font_data.o(.constdata), (1914 bytes).
    Removing u8g_font_data.o(.constdata), (5489 bytes).
    Removing u8g_font_data.o(.constdata), (416 bytes).
    Removing u8g_font_data.o(.constdata), (2548 bytes).
    Removing u8g_font_data.o(.constdata), (7527 bytes).
    Removing u8g_font_data.o(.constdata), (537 bytes).
    Removing u8g_font_data.o(.constdata), (3453 bytes).
    Removing u8g_font_data.o(.constdata), (11554 bytes).
    Removing u8g_font_data.o(.constdata), (743 bytes).
    Removing u8g_font_data.o(.constdata), (5214 bytes).
    Removing u8g_font_data.o(.constdata), (2687 bytes).
    Removing u8g_font_data.o(.constdata), (226 bytes).
    Removing u8g_font_data.o(.constdata), (1276 bytes).
    Removing u8g_font_data.o(.constdata), (3527 bytes).
    Removing u8g_font_data.o(.constdata), (267 bytes).
    Removing u8g_font_data.o(.constdata), (1648 bytes).
    Removing u8g_font_data.o(.constdata), (4077 bytes).
    Removing u8g_font_data.o(.constdata), (290 bytes).
    Removing u8g_font_data.o(.constdata), (1907 bytes).
    Removing u8g_font_data.o(.constdata), (4920 bytes).
    Removing u8g_font_data.o(.constdata), (311 bytes).
    Removing u8g_font_data.o(.constdata), (2281 bytes).
    Removing u8g_font_data.o(.constdata), (7307 bytes).
    Removing u8g_font_data.o(.constdata), (536 bytes).
    Removing u8g_font_data.o(.constdata), (3381 bytes).
    Removing u8g_font_data.o(.constdata), (10931 bytes).
    Removing u8g_font_data.o(.constdata), (726 bytes).
    Removing u8g_font_data.o(.constdata), (4992 bytes).
    Removing u8g_font_data.o(.constdata), (2193 bytes).
    Removing u8g_font_data.o(.constdata), (216 bytes).
    Removing u8g_font_data.o(.constdata), (1138 bytes).
    Removing u8g_font_data.o(.constdata), (221 bytes).
    Removing u8g_font_data.o(.constdata), (275 bytes).
    Removing u8g_font_data.o(.constdata), (471 bytes).
    Removing u8g_font_data.o(.constdata), (855 bytes).
    Removing u8g_font_data.o(.constdata), (2760 bytes).
    Removing u8g_font_data.o(.constdata), (1315 bytes).
    Removing u8g_font_data.o(.constdata), (4003 bytes).
    Removing u8g_font_data.o(.constdata), (1853 bytes).
    Removing u8g_font_data.o(.constdata), (4735 bytes).
    Removing u8g_font_data.o(.constdata), (2194 bytes).
    Removing u8g_font_data.o(.constdata), (5558 bytes).
    Removing u8g_font_data.o(.constdata), (2603 bytes).
    Removing u8g_font_data.o(.constdata), (8114 bytes).
    Removing u8g_font_data.o(.constdata), (3736 bytes).
    Removing u8g_font_data.o(.constdata), (12964 bytes).
    Removing u8g_font_data.o(.constdata), (868 bytes).
    Removing u8g_font_data.o(.constdata), (5937 bytes).
    Removing u8g_font_data.o(.constdata), (2642 bytes).
    Removing u8g_font_data.o(.constdata), (1266 bytes).
    Removing u8g_font_data.o(.constdata), (3813 bytes).
    Removing u8g_font_data.o(.constdata), (1781 bytes).
    Removing u8g_font_data.o(.constdata), (4247 bytes).
    Removing u8g_font_data.o(.constdata), (1976 bytes).
    Removing u8g_font_data.o(.constdata), (5319 bytes).
    Removing u8g_font_data.o(.constdata), (2534 bytes).
    Removing u8g_font_data.o(.constdata), (7488 bytes).
    Removing u8g_font_data.o(.constdata), (3477 bytes).
    Removing u8g_font_data.o(.constdata), (11729 bytes).
    Removing u8g_font_data.o(.constdata), (744 bytes).
    Removing u8g_font_data.o(.constdata), (5367 bytes).
    Removing u8g_font_data.o(.constdata), (1535 bytes).
    Removing u8g_font_data.o(.constdata), (137 bytes).
    Removing u8g_font_data.o(.constdata), (719 bytes).
    Removing u8g_font_data.o(.constdata), (7637 bytes).
    Removing u8g_font_data.o(.constdata), (618 bytes).
    Removing u8g_font_data.o(.constdata), (3611 bytes).
    Removing u8g_font_data.o(.constdata), (9612 bytes).
    Removing u8g_font_data.o(.constdata), (723 bytes).
    Removing u8g_font_data.o(.constdata), (4521 bytes).
    Removing u8g_font_data.o(.constdata), (12640 bytes).
    Removing u8g_font_data.o(.constdata), (903 bytes).
    Removing u8g_font_data.o(.constdata), (5950 bytes).
    Removing u8g_font_data.o(.constdata), (15818 bytes).
    Removing u8g_font_data.o(.constdata), (1257 bytes).
    Removing u8g_font_data.o(.constdata), (7481 bytes).
    Removing u8g_font_data.o(.constdata), (22097 bytes).
    Removing u8g_font_data.o(.constdata), (1567 bytes).
    Removing u8g_font_data.o(.constdata), (10247 bytes).
    Removing u8g_font_data.o(.constdata), (7816 bytes).
    Removing u8g_font_data.o(.constdata), (613 bytes).
    Removing u8g_font_data.o(.constdata), (3683 bytes).
    Removing u8g_font_data.o(.constdata), (9530 bytes).
    Removing u8g_font_data.o(.constdata), (722 bytes).
    Removing u8g_font_data.o(.constdata), (4396 bytes).
    Removing u8g_font_data.o(.constdata), (13186 bytes).
    Removing u8g_font_data.o(.constdata), (955 bytes).
    Removing u8g_font_data.o(.constdata), (6049 bytes).
    Removing u8g_font_data.o(.constdata), (16232 bytes).
    Removing u8g_font_data.o(.constdata), (1226 bytes).
    Removing u8g_font_data.o(.constdata), (7573 bytes).
    Removing u8g_font_data.o(.constdata), (22370 bytes).
    Removing u8g_font_data.o(.constdata), (1588 bytes).
    Removing u8g_font_data.o(.constdata), (10371 bytes).
    Removing u8g_font_data.o(.constdata), (1163 bytes).
    Removing u8g_font_data.o(.constdata), (186 bytes).
    Removing u8g_font_data.o(.constdata), (938 bytes).
    Removing u8g_font_data.o(.constdata), (1140 bytes).
    Removing u8g_font_data.o(.constdata), (189 bytes).
    Removing u8g_font_data.o(.constdata), (1012 bytes).
    Removing u8g_font_data.o(.constdata), (1106 bytes).
    Removing u8g_font_data.o(.constdata), (2768 bytes).
    Removing u8g_font_data.o(.constdata), (1200 bytes).
    Removing u8g_font_data.o(.constdata), (2907 bytes).
    Removing u8g_font_data.o(.constdata), (1258 bytes).
    Removing u8g_font_data.o(.constdata), (3186 bytes).
    Removing u8g_font_data.o(.constdata), (1372 bytes).
    Removing u8g_font_data.o(.constdata), (3681 bytes).
    Removing u8g_font_data.o(.constdata), (1590 bytes).
    Removing u8g_font_data.o(.constdata), (6454 bytes).
    Removing u8g_font_data.o(.constdata), (2719 bytes).
    Removing u8g_font_data.o(.constdata), (8666 bytes).
    Removing u8g_font_data.o(.constdata), (3719 bytes).
    Removing u8g_font_data.o(.constdata), (1376 bytes).
    Removing u8g_font_data.o(.constdata), (187 bytes).
    Removing u8g_font_data.o(.constdata), (1041 bytes).
    Removing u8g_font_data.o(.constdata), (2612 bytes).
    Removing u8g_font_data.o(.constdata), (1211 bytes).
    Removing u8g_font_data.o(.constdata), (3433 bytes).
    Removing u8g_font_data.o(.constdata), (1633 bytes).
    Removing u8g_font_data.o(.constdata), (4136 bytes).
    Removing u8g_font_data.o(.constdata), (1985 bytes).
    Removing u8g_font_data.o(.constdata), (4665 bytes).
    Removing u8g_font_data.o(.constdata), (2261 bytes).
    Removing u8g_font_data.o(.constdata), (6604 bytes).
    Removing u8g_font_data.o(.constdata), (3303 bytes).
    Removing u8g_font_data.o(.constdata), (10727 bytes).
    Removing u8g_font_data.o(.constdata), (5335 bytes).
    Removing u8g_font_data.o(.constdata), (2551 bytes).
    Removing u8g_font_data.o(.constdata), (1221 bytes).
    Removing u8g_font_data.o(.constdata), (3539 bytes).
    Removing u8g_font_data.o(.constdata), (1632 bytes).
    Removing u8g_font_data.o(.constdata), (3887 bytes).
    Removing u8g_font_data.o(.constdata), (1834 bytes).
    Removing u8g_font_data.o(.constdata), (4851 bytes).
    Removing u8g_font_data.o(.constdata), (2295 bytes).
    Removing u8g_font_data.o(.constdata), (7223 bytes).
    Removing u8g_font_data.o(.constdata), (3355 bytes).
    Removing u8g_font_data.o(.constdata), (10820 bytes).
    Removing u8g_font_data.o(.constdata), (723 bytes).
    Removing u8g_font_data.o(.constdata), (5003 bytes).
    Removing u8g_font_data.o(.constdata), (2512 bytes).
    Removing u8g_font_data.o(.constdata), (1198 bytes).
    Removing u8g_font_data.o(.constdata), (3359 bytes).
    Removing u8g_font_data.o(.constdata), (1571 bytes).
    Removing u8g_font_data.o(.constdata), (3905 bytes).
    Removing u8g_font_data.o(.constdata), (1784 bytes).
    Removing u8g_font_data.o(.constdata), (4577 bytes).
    Removing u8g_font_data.o(.constdata), (2156 bytes).
    Removing u8g_font_data.o(.constdata), (6850 bytes).
    Removing u8g_font_data.o(.constdata), (3208 bytes).
    Removing u8g_font_data.o(.constdata), (10419 bytes).
    Removing u8g_font_data.o(.constdata), (717 bytes).
    Removing u8g_font_data.o(.constdata), (4764 bytes).
    Removing u8g_font_data.o(.constdata), (2656 bytes).
    Removing u8g_font_data.o(.constdata), (240 bytes).
    Removing u8g_font_data.o(.constdata), (1346 bytes).
    Removing u8g_font_data.o(.constdata), (2605 bytes).
    Removing u8g_font_data.o(.constdata), (238 bytes).
    Removing u8g_font_data.o(.constdata), (1317 bytes).
    Removing u8g_font_data.o(.constdata), (1236 bytes).
    Removing u8g_font_data.o(.constdata), (187 bytes).
    Removing u8g_font_data.o(.constdata), (994 bytes).
    Removing u8g_font_data.o(.constdata), (1660 bytes).
    Removing u8g_font_data.o(.constdata), (664 bytes).
    Removing u8g_font_data.o(.constdata), (5136 bytes).
    Removing u8g_font_data.o(.constdata), (3240 bytes).
    Removing u8g_font_data.o(.constdata), (4249 bytes).
    Removing u8g_font_data.o(.constdata), (3987 bytes).
    Removing u8g_font_data.o(.constdata), (7078 bytes).
    Removing u8g_font_data.o(.constdata), (4633 bytes).
    Removing u8g_font_data.o(.constdata), (3791 bytes).
    Removing u8g_font_data.o(.constdata), (3421 bytes).
    Removing u8g_font_data.o(.constdata), (7568 bytes).
    Removing u8g_font_data.o(.constdata), (580 bytes).
    Removing u8g_font_data.o(.constdata), (2540 bytes).
    Removing u8g_font_data.o(.constdata), (1657 bytes).
    Removing u8g_font_data.o(.constdata), (7084 bytes).
    Removing u8g_font_data.o(.constdata), (1858 bytes).
    Removing u8g_font_data.o(.constdata), (4279 bytes).
    Removing u8g_font_data.o(.constdata), (5551 bytes).
    Removing u8g_font_data.o(.constdata), (1485 bytes).
    Removing u8g_ellipse.o(i.u8g_DrawEllipse), (68 bytes).
    Removing u8g_ellipse.o(i.u8g_DrawFilledEllipse), (68 bytes).
    Removing u8g_ellipse.o(i.u8g_draw_ellipse), (296 bytes).
    Removing u8g_ellipse.o(i.u8g_draw_ellipse_section), (96 bytes).
    Removing u8g_ellipse.o(i.u8g_draw_filled_ellipse), (296 bytes).
    Removing u8g_ellipse.o(i.u8g_draw_filled_ellipse_section), (106 bytes).
    Removing u8g_cursor.o(i.u8g_DisableCursor), (6 bytes).
    Removing u8g_cursor.o(i.u8g_DrawCursor), (82 bytes).
    Removing u8g_cursor.o(i.u8g_EnableCursor), (12 bytes).
    Removing u8g_cursor.o(i.u8g_SetCursorColor), (6 bytes).
    Removing u8g_cursor.o(i.u8g_SetCursorFont), (4 bytes).
    Removing u8g_cursor.o(i.u8g_SetCursorPos), (6 bytes).
    Removing u8g_cursor.o(i.u8g_SetCursorStyle), (4 bytes).
    Removing u8g_bitmap.o(i.u8g_DrawBitmap), (66 bytes).
    Removing u8g_bitmap.o(i.u8g_DrawBitmapP), (66 bytes).
    Removing u8g_bitmap.o(i.u8g_DrawHBitmap), (50 bytes).
    Removing u8g_bitmap.o(i.u8g_DrawHBitmapP), (50 bytes).
    Removing u8g_bitmap.o(i.u8g_DrawXBM), (144 bytes).
    Removing u8g_bitmap.o(i.u8g_DrawXBMP), (144 bytes).
    Removing u8g_com_api.o(i.u8g_StopCom), (16 bytes).
    Removing u8g_com_api.o(i.u8g_WriteSequenceP), (12 bytes).
    Removing u8g_dev_ssd1306_128x64.o(i.u8g_dev_sh1106_128x64_2x_fn), (220 bytes).
    Removing u8g_dev_ssd1306_128x64.o(i.u8g_dev_sh1106_128x64_fn), (152 bytes).
    Removing u8g_dev_ssd1306_128x64.o(i.u8g_dev_ssd1306_128x64_2x_fn), (220 bytes).
    Removing u8g_dev_ssd1306_128x64.o(i.u8g_dev_ssd1306_adafruit_128x64_fn), (152 bytes).
    Removing u8g_dev_ssd1306_128x64.o(.bss), (128 bytes).
    Removing u8g_dev_ssd1306_128x64.o(.bss), (128 bytes).
    Removing u8g_dev_ssd1306_128x64.o(.bss), (128 bytes).
    Removing u8g_dev_ssd1306_128x64.o(.bss), (128 bytes).
    Removing u8g_dev_ssd1306_128x64.o(.bss), (128 bytes).
    Removing u8g_dev_ssd1306_128x64.o(.bss), (256 bytes).
    Removing u8g_dev_ssd1306_128x64.o(.bss), (128 bytes).
    Removing u8g_dev_ssd1306_128x64.o(.bss), (128 bytes).
    Removing u8g_dev_ssd1306_128x64.o(.bss), (128 bytes).
    Removing u8g_dev_ssd1306_128x64.o(.bss), (256 bytes).
    Removing u8g_dev_ssd1306_128x64.o(.data), (12 bytes).
    Removing u8g_dev_ssd1306_128x64.o(.data), (12 bytes).
    Removing u8g_dev_ssd1306_128x64.o(.data), (12 bytes).
    Removing u8g_dev_ssd1306_128x64.o(.data), (12 bytes).
    Removing u8g_dev_ssd1306_128x64.o(.data), (12 bytes).
    Removing u8g_dev_ssd1306_128x64.o(.data), (12 bytes).
    Removing u8g_dev_ssd1306_128x64.o(.data), (12 bytes).
    Removing u8g_dev_ssd1306_128x64.o(.data), (12 bytes).
    Removing u8g_dev_ssd1306_128x64.o(.data), (12 bytes).
    Removing u8g_dev_ssd1306_128x64.o(.data), (12 bytes).
    Removing u8g_dev_ssd1306_128x64.o(.data), (12 bytes).
    Removing u8g_dev_ssd1306_128x64.o(.data), (12 bytes).
    Removing u8g_dev_ssd1306_128x64.o(.data), (12 bytes).
    Removing u8g_dev_ssd1306_128x64.o(.data), (12 bytes).
    Removing u8g_dev_ssd1306_128x64.o(.data), (12 bytes).
    Removing u8g_dev_ssd1306_128x64.o(.data), (12 bytes).
    Removing u8g_dev_ssd1306_128x64.o(.data), (12 bytes).
    Removing u8g_dev_ssd1306_128x64.o(.data), (12 bytes).
    Removing u8g_dev_ssd1306_128x64.o(.data), (12 bytes).
    Removing u8g_dev_ssd1306_128x64.o(.data), (12 bytes).
    Removing u8g_dev_ssd1306_128x64.o(.data), (12 bytes).
    Removing u8g_dev_ssd1306_128x64.o(.data), (12 bytes).
    Removing u8g_dev_ssd1306_128x64.o(.data), (12 bytes).
    Removing u8g_dev_ssd1306_128x64.o(.data), (12 bytes).
    Removing stm32f1xx_it.o(.rev16_text), (4 bytes).
    Removing stm32f1xx_it.o(.revsh_text), (4 bytes).
    Removing stm32f1xx_it.o(.rrx_text), (6 bytes).
    Removing main.o(.rev16_text), (4 bytes).
    Removing main.o(.revsh_text), (4 bytes).
    Removing main.o(.rrx_text), (6 bytes).
    Removing main.o(i._Error_Handler), (2 bytes).
    Removing stm32f1xx_hal_msp.o(.rev16_text), (4 bytes).
    Removing stm32f1xx_hal_msp.o(.revsh_text), (4 bytes).
    Removing stm32f1xx_hal_msp.o(.rrx_text), (6 bytes).
    Removing stm32f1xx_hal_msp.o(i.HAL_I2C_MspDeInit), (40 bytes).
    Removing system_stm32f1xx.o(.rev16_text), (4 bytes).
    Removing system_stm32f1xx.o(.revsh_text), (4 bytes).
    Removing system_stm32f1xx.o(.rrx_text), (6 bytes).
    Removing system_stm32f1xx.o(i.SystemCoreClockUpdate), (104 bytes).

886 unused section(s) (total 1359568 bytes) removed from the image.

==============================================================================

Image Symbol Table

    Local Symbols

    Symbol Name                              Value     Ov Type        Size  Object(Section)

    ..//Src/system_stm32f1xx.c               0x00000000   Number         0  system_stm32f1xx.o ABSOLUTE
    ../Drivers/STM32F1xx_HAL_Driver/Src/stm32f1xx_hal.c 0x00000000   Number         0  stm32f1xx_hal.o ABSOLUTE
    ../Drivers/STM32F1xx_HAL_Driver/Src/stm32f1xx_hal_cortex.c 0x00000000   Number         0  stm32f1xx_hal_cortex.o ABSOLUTE
    ../Drivers/STM32F1xx_HAL_Driver/Src/stm32f1xx_hal_dma.c 0x00000000   Number         0  stm32f1xx_hal_dma.o ABSOLUTE
    ../Drivers/STM32F1xx_HAL_Driver/Src/stm32f1xx_hal_flash.c 0x00000000   Number         0  stm32f1xx_hal_flash.o ABSOLUTE
    ../Drivers/STM32F1xx_HAL_Driver/Src/stm32f1xx_hal_flash_ex.c 0x00000000   Number         0  stm32f1xx_hal_flash_ex.o ABSOLUTE
    ../Drivers/STM32F1xx_HAL_Driver/Src/stm32f1xx_hal_gpio.c 0x00000000   Number         0  stm32f1xx_hal_gpio.o ABSOLUTE
    ../Drivers/STM32F1xx_HAL_Driver/Src/stm32f1xx_hal_gpio_ex.c 0x00000000   Number         0  stm32f1xx_hal_gpio_ex.o ABSOLUTE
    ../Drivers/STM32F1xx_HAL_Driver/Src/stm32f1xx_hal_i2c.c 0x00000000   Number         0  stm32f1xx_hal_i2c.o ABSOLUTE
    ../Drivers/STM32F1xx_HAL_Driver/Src/stm32f1xx_hal_pwr.c 0x00000000   Number         0  stm32f1xx_hal_pwr.o ABSOLUTE
    ../Drivers/STM32F1xx_HAL_Driver/Src/stm32f1xx_hal_rcc.c 0x00000000   Number         0  stm32f1xx_hal_rcc.o ABSOLUTE
    ../Drivers/STM32F1xx_HAL_Driver/Src/stm32f1xx_hal_rcc_ex.c 0x00000000   Number         0  stm32f1xx_hal_rcc_ex.o ABSOLUTE
    ../Drivers/STM32F1xx_HAL_Driver/Src/stm32f1xx_hal_tim.c 0x00000000   Number         0  stm32f1xx_hal_tim.o ABSOLUTE
    ../Drivers/STM32F1xx_HAL_Driver/Src/stm32f1xx_hal_tim_ex.c 0x00000000   Number         0  stm32f1xx_hal_tim_ex.o ABSOLUTE
    ../Src/main.c                            0x00000000   Number         0  main.o ABSOLUTE
    ../Src/stm32f1xx_hal_msp.c               0x00000000   Number         0  stm32f1xx_hal_msp.o ABSOLUTE
    ../Src/stm32f1xx_it.c                    0x00000000   Number         0  stm32f1xx_it.o ABSOLUTE
    ../clib/microlib/init/entry.s            0x00000000   Number         0  entry.o ABSOLUTE
    ../clib/microlib/init/entry.s            0x00000000   Number         0  entry2.o ABSOLUTE
    ../clib/microlib/init/entry.s            0x00000000   Number         0  entry5.o ABSOLUTE
    ../clib/microlib/init/entry.s            0x00000000   Number         0  entry7a.o ABSOLUTE
    ../clib/microlib/init/entry.s            0x00000000   Number         0  entry8b.o ABSOLUTE
    ../clib/microlib/init/entry.s            0x00000000   Number         0  entry7b.o ABSOLUTE
    ../clib/microlib/init/entry.s            0x00000000   Number         0  entry8a.o ABSOLUTE
    ../clib/microlib/init/entry.s            0x00000000   Number         0  entry9a.o ABSOLUTE
    ../clib/microlib/init/entry.s            0x00000000   Number         0  entry9b.o ABSOLUTE
    ../clib/microlib/init/entry.s            0x00000000   Number         0  entry10a.o ABSOLUTE
    ../clib/microlib/init/entry.s            0x00000000   Number         0  entry10b.o ABSOLUTE
    ../clib/microlib/init/entry.s            0x00000000   Number         0  entry11a.o ABSOLUTE
    ../clib/microlib/init/entry.s            0x00000000   Number         0  entry11b.o ABSOLUTE
    ../clib/microlib/longlong.c              0x00000000   Number         0  llushr.o ABSOLUTE
    ..\Drivers\STM32F1xx_HAL_Driver\Src\stm32f1xx_hal.c 0x00000000   Number         0  stm32f1xx_hal.o ABSOLUTE
    ..\Drivers\STM32F1xx_HAL_Driver\Src\stm32f1xx_hal_cortex.c 0x00000000   Number         0  stm32f1xx_hal_cortex.o ABSOLUTE
    ..\Drivers\STM32F1xx_HAL_Driver\Src\stm32f1xx_hal_dma.c 0x00000000   Number         0  stm32f1xx_hal_dma.o ABSOLUTE
    ..\Drivers\STM32F1xx_HAL_Driver\Src\stm32f1xx_hal_flash.c 0x00000000   Number         0  stm32f1xx_hal_flash.o ABSOLUTE
    ..\Drivers\STM32F1xx_HAL_Driver\Src\stm32f1xx_hal_flash_ex.c 0x00000000   Number         0  stm32f1xx_hal_flash_ex.o ABSOLUTE
    ..\Drivers\STM32F1xx_HAL_Driver\Src\stm32f1xx_hal_gpio.c 0x00000000   Number         0  stm32f1xx_hal_gpio.o ABSOLUTE
    ..\Drivers\STM32F1xx_HAL_Driver\Src\stm32f1xx_hal_gpio_ex.c 0x00000000   Number         0  stm32f1xx_hal_gpio_ex.o ABSOLUTE
    ..\Drivers\STM32F1xx_HAL_Driver\Src\stm32f1xx_hal_i2c.c 0x00000000   Number         0  stm32f1xx_hal_i2c.o ABSOLUTE
    ..\Drivers\STM32F1xx_HAL_Driver\Src\stm32f1xx_hal_pwr.c 0x00000000   Number         0  stm32f1xx_hal_pwr.o ABSOLUTE
    ..\Drivers\STM32F1xx_HAL_Driver\Src\stm32f1xx_hal_rcc.c 0x00000000   Number         0  stm32f1xx_hal_rcc.o ABSOLUTE
    ..\Drivers\STM32F1xx_HAL_Driver\Src\stm32f1xx_hal_rcc_ex.c 0x00000000   Number         0  stm32f1xx_hal_rcc_ex.o ABSOLUTE
    ..\Drivers\STM32F1xx_HAL_Driver\Src\stm32f1xx_hal_tim.c 0x00000000   Number         0  stm32f1xx_hal_tim.o ABSOLUTE
    ..\Drivers\STM32F1xx_HAL_Driver\Src\stm32f1xx_hal_tim_ex.c 0x00000000   Number         0  stm32f1xx_hal_tim_ex.o ABSOLUTE
    ..\Src\main.c                            0x00000000   Number         0  main.o ABSOLUTE
    ..\Src\stm32f1xx_hal_msp.c               0x00000000   Number         0  stm32f1xx_hal_msp.o ABSOLUTE
    ..\Src\stm32f1xx_it.c                    0x00000000   Number         0  stm32f1xx_it.o ABSOLUTE
    ..\\Src\system_stm32f1xx.c               0x00000000   Number         0  system_stm32f1xx.o ABSOLUTE
    ..\\u8g_Driver\\u8g_arm.c                0x00000000   Number         0  u8g_arm.o ABSOLUTE
    ..\u8g_Driver\src\u8g_bitmap.c           0x00000000   Number         0  u8g_bitmap.o ABSOLUTE
    ..\u8g_Driver\src\u8g_circle.c           0x00000000   Number         0  u8g_circle.o ABSOLUTE
    ..\u8g_Driver\src\u8g_clip.c             0x00000000   Number         0  u8g_clip.o ABSOLUTE
    ..\u8g_Driver\src\u8g_com_api.c          0x00000000   Number         0  u8g_com_api.o ABSOLUTE
    ..\u8g_Driver\src\u8g_com_null.c         0x00000000   Number         0  u8g_com_null.o ABSOLUTE
    ..\u8g_Driver\src\u8g_cursor.c           0x00000000   Number         0  u8g_cursor.o ABSOLUTE
    ..\u8g_Driver\src\u8g_delay.c            0x00000000   Number         0  u8g_delay.o ABSOLUTE
    ..\u8g_Driver\src\u8g_dev_ssd1306_128x64.c 0x00000000   Number         0  u8g_dev_ssd1306_128x64.o ABSOLUTE
    ..\u8g_Driver\src\u8g_ellipse.c          0x00000000   Number         0  u8g_ellipse.o ABSOLUTE
    ..\u8g_Driver\src\u8g_font.c             0x00000000   Number         0  u8g_font.o ABSOLUTE
    ..\u8g_Driver\src\u8g_font_data.c        0x00000000   Number         0  u8g_font_data.o ABSOLUTE
    ..\u8g_Driver\src\u8g_line.c             0x00000000   Number         0  u8g_line.o ABSOLUTE
    ..\u8g_Driver\src\u8g_ll_api.c           0x00000000   Number         0  u8g_ll_api.o ABSOLUTE
    ..\u8g_Driver\src\u8g_page.c             0x00000000   Number         0  u8g_page.o ABSOLUTE
    ..\u8g_Driver\src\u8g_pb.c               0x00000000   Number         0  u8g_pb.o ABSOLUTE
    ..\u8g_Driver\src\u8g_pb14v1.c           0x00000000   Number         0  u8g_pb14v1.o ABSOLUTE
    ..\u8g_Driver\src\u8g_pb16h1.c           0x00000000   Number         0  u8g_pb16h1.o ABSOLUTE
    ..\u8g_Driver\src\u8g_pb16h2.c           0x00000000   Number         0  u8g_pb16h2.o ABSOLUTE
    ..\u8g_Driver\src\u8g_pb16v1.c           0x00000000   Number         0  u8g_pb16v1.o ABSOLUTE
    ..\u8g_Driver\src\u8g_pb16v2.c           0x00000000   Number         0  u8g_pb16v2.o ABSOLUTE
    ..\u8g_Driver\src\u8g_pb32h1.c           0x00000000   Number         0  u8g_pb32h1.o ABSOLUTE
    ..\u8g_Driver\src\u8g_pb8h1.c            0x00000000   Number         0  u8g_pb8h1.o ABSOLUTE
    ..\u8g_Driver\src\u8g_pb8h1f.c           0x00000000   Number         0  u8g_pb8h1f.o ABSOLUTE
    ..\u8g_Driver\src\u8g_pb8h2.c            0x00000000   Number         0  u8g_pb8h2.o ABSOLUTE
    ..\u8g_Driver\src\u8g_pb8h8.c            0x00000000   Number         0  u8g_pb8h8.o ABSOLUTE
    ..\u8g_Driver\src\u8g_pb8v1.c            0x00000000   Number         0  u8g_pb8v1.o ABSOLUTE
    ..\u8g_Driver\src\u8g_pb8v2.c            0x00000000   Number         0  u8g_pb8v2.o ABSOLUTE
    ..\u8g_Driver\src\u8g_pbxh16.c           0x00000000   Number         0  u8g_pbxh16.o ABSOLUTE
    ..\u8g_Driver\src\u8g_pbxh24.c           0x00000000   Number         0  u8g_pbxh24.o ABSOLUTE
    ..\u8g_Driver\src\u8g_polygon.c          0x00000000   Number         0  u8g_polygon.o ABSOLUTE
    ..\u8g_Driver\src\u8g_rect.c             0x00000000   Number         0  u8g_rect.o ABSOLUTE
    ..\u8g_Driver\src\u8g_scale.c            0x00000000   Number         0  u8g_scale.o ABSOLUTE
    ..\u8g_Driver\src\u8g_state.c            0x00000000   Number         0  u8g_state.o ABSOLUTE
    ..\u8g_Driver\src\u8g_u16toa.c           0x00000000   Number         0  u8g_u16toa.o ABSOLUTE
    ..\u8g_Driver\src\u8g_u8toa.c            0x00000000   Number         0  u8g_u8toa.o ABSOLUTE
    ..\u8g_Driver\src\u8g_virtual_screen.c   0x00000000   Number         0  u8g_virtual_screen.o ABSOLUTE
    ..\u8g_Driver\u8g_arm.c                  0x00000000   Number         0  u8g_arm.o ABSOLUTE
    dc.s                                     0x00000000   Number         0  dc.o ABSOLUTE
    handlers.s                               0x00000000   Number         0  handlers.o ABSOLUTE
    init.s                                   0x00000000   Number         0  init.o ABSOLUTE
    startup_stm32f103xb.s                    0x00000000   Number         0  startup_stm32f103xb.o ABSOLUTE
    RESET                                    0x08000000   Section      236  startup_stm32f103xb.o(RESET)
    .ARM.Collect$$$$00000000                 0x080000ec   Section        0  entry.o(.ARM.Collect$$$$00000000)
    .ARM.Collect$$$$00000001                 0x080000ec   Section        4  entry2.o(.ARM.Collect$$$$00000001)
    .ARM.Collect$$$$00000004                 0x080000f0   Section        4  entry5.o(.ARM.Collect$$$$00000004)
    .ARM.Collect$$$$00000008                 0x080000f4   Section        0  entry7b.o(.ARM.Collect$$$$00000008)
    .ARM.Collect$$$$0000000A                 0x080000f4   Section        0  entry8b.o(.ARM.Collect$$$$0000000A)
    .ARM.Collect$$$$0000000B                 0x080000f4   Section        8  entry9a.o(.ARM.Collect$$$$0000000B)
    .ARM.Collect$$$$0000000D                 0x080000fc   Section        0  entry10a.o(.ARM.Collect$$$$0000000D)
    .ARM.Collect$$$$0000000F                 0x080000fc   Section        0  entry11a.o(.ARM.Collect$$$$0000000F)
    .ARM.Collect$$$$00002712                 0x080000fc   Section        4  entry2.o(.ARM.Collect$$$$00002712)
    __lit__00000000                          0x080000fc   Data           4  entry2.o(.ARM.Collect$$$$00002712)
    .text                                    0x08000100   Section       36  startup_stm32f103xb.o(.text)
    .text                                    0x08000124   Section       36  init.o(.text)
    i.BusFault_Handler                       0x08000148   Section        0  stm32f1xx_it.o(i.BusFault_Handler)
    i.DebugMon_Handler                       0x0800014a   Section        0  stm32f1xx_it.o(i.DebugMon_Handler)
    i.HAL_Delay                              0x0800014c   Section        0  stm32f1xx_hal.o(i.HAL_Delay)
    i.HAL_GPIO_Init                          0x08000170   Section        0  stm32f1xx_hal_gpio.o(i.HAL_GPIO_Init)
    i.HAL_GPIO_WritePin                      0x0800032c   Section        0  stm32f1xx_hal_gpio.o(i.HAL_GPIO_WritePin)
    i.HAL_GetTick                            0x08000338   Section        0  stm32f1xx_hal.o(i.HAL_GetTick)
    i.HAL_I2C_Init                           0x08000344   Section        0  stm32f1xx_hal_i2c.o(i.HAL_I2C_Init)
    i.HAL_I2C_Mem_Write                      0x08000484   Section        0  stm32f1xx_hal_i2c.o(i.HAL_I2C_Mem_Write)
    i.HAL_I2C_MspInit                        0x080005c0   Section        0  stm32f1xx_hal_msp.o(i.HAL_I2C_MspInit)
    i.HAL_IncTick                            0x08000604   Section        0  stm32f1xx_hal.o(i.HAL_IncTick)
    i.HAL_Init                               0x08000614   Section        0  stm32f1xx_hal.o(i.HAL_Init)
    i.HAL_InitTick                           0x08000638   Section        0  stm32f1xx_hal.o(i.HAL_InitTick)
    i.HAL_MspInit                            0x08000678   Section        0  stm32f1xx_hal_msp.o(i.HAL_MspInit)
    i.HAL_NVIC_SetPriority                   0x080006f8   Section        0  stm32f1xx_hal_cortex.o(i.HAL_NVIC_SetPriority)
    i.HAL_NVIC_SetPriorityGrouping           0x08000738   Section        0  stm32f1xx_hal_cortex.o(i.HAL_NVIC_SetPriorityGrouping)
    i.HAL_RCC_ClockConfig                    0x0800075c   Section        0  stm32f1xx_hal_rcc.o(i.HAL_RCC_ClockConfig)
    i.HAL_RCC_GetHCLKFreq                    0x080008b0   Section        0  stm32f1xx_hal_rcc.o(i.HAL_RCC_GetHCLKFreq)
    i.HAL_RCC_GetPCLK1Freq                   0x080008bc   Section        0  stm32f1xx_hal_rcc.o(i.HAL_RCC_GetPCLK1Freq)
    i.HAL_RCC_GetSysClockFreq                0x080008dc   Section        0  stm32f1xx_hal_rcc.o(i.HAL_RCC_GetSysClockFreq)
    i.HAL_RCC_OscConfig                      0x08000948   Section        0  stm32f1xx_hal_rcc.o(i.HAL_RCC_OscConfig)
    i.HAL_SYSTICK_CLKSourceConfig            0x08000c4c   Section        0  stm32f1xx_hal_cortex.o(i.HAL_SYSTICK_CLKSourceConfig)
    i.HAL_SYSTICK_Callback                   0x08000c64   Section        0  stm32f1xx_hal_cortex.o(i.HAL_SYSTICK_Callback)
    i.HAL_SYSTICK_Config                     0x08000c66   Section        0  stm32f1xx_hal_cortex.o(i.HAL_SYSTICK_Config)
    i.HAL_SYSTICK_IRQHandler                 0x08000c8e   Section        0  stm32f1xx_hal_cortex.o(i.HAL_SYSTICK_IRQHandler)
    i.HardFault_Handler                      0x08000c96   Section        0  stm32f1xx_it.o(i.HardFault_Handler)
    i.I2C_IsAcknowledgeFailed                0x08000c98   Section        0  stm32f1xx_hal_i2c.o(i.I2C_IsAcknowledgeFailed)
    I2C_IsAcknowledgeFailed                  0x08000c99   Thumb Code    40  stm32f1xx_hal_i2c.o(i.I2C_IsAcknowledgeFailed)
    i.I2C_RequestMemoryWrite                 0x08000cc0   Section        0  stm32f1xx_hal_i2c.o(i.I2C_RequestMemoryWrite)
    I2C_RequestMemoryWrite                   0x08000cc1   Thumb Code   156  stm32f1xx_hal_i2c.o(i.I2C_RequestMemoryWrite)
    i.I2C_WaitOnBTFFlagUntilTimeout          0x08000d60   Section        0  stm32f1xx_hal_i2c.o(i.I2C_WaitOnBTFFlagUntilTimeout)
    I2C_WaitOnBTFFlagUntilTimeout            0x08000d61   Thumb Code    78  stm32f1xx_hal_i2c.o(i.I2C_WaitOnBTFFlagUntilTimeout)
    i.I2C_WaitOnFlagUntilTimeout             0x08000dae   Section        0  stm32f1xx_hal_i2c.o(i.I2C_WaitOnFlagUntilTimeout)
    I2C_WaitOnFlagUntilTimeout               0x08000daf   Thumb Code    96  stm32f1xx_hal_i2c.o(i.I2C_WaitOnFlagUntilTimeout)
    i.I2C_WaitOnMasterAddressFlagUntilTimeout 0x08000e10   Section        0  stm32f1xx_hal_i2c.o(i.I2C_WaitOnMasterAddressFlagUntilTimeout)
    I2C_WaitOnMasterAddressFlagUntilTimeout  0x08000e11   Thumb Code   136  stm32f1xx_hal_i2c.o(i.I2C_WaitOnMasterAddressFlagUntilTimeout)
    i.I2C_WaitOnTXEFlagUntilTimeout          0x08000e98   Section        0  stm32f1xx_hal_i2c.o(i.I2C_WaitOnTXEFlagUntilTimeout)
    I2C_WaitOnTXEFlagUntilTimeout            0x08000e99   Thumb Code    78  stm32f1xx_hal_i2c.o(i.I2C_WaitOnTXEFlagUntilTimeout)
    i.MX_GPIO_Init                           0x08000ee8   Section        0  main.o(i.MX_GPIO_Init)
    MX_GPIO_Init                             0x08000ee9   Thumb Code    92  main.o(i.MX_GPIO_Init)
    i.MX_I2C1_Init                           0x08000f4c   Section        0  main.o(i.MX_I2C1_Init)
    MX_I2C1_Init                             0x08000f4d   Thumb Code    44  main.o(i.MX_I2C1_Init)
    i.MemManage_Handler                      0x08000f84   Section        0  stm32f1xx_it.o(i.MemManage_Handler)
    i.NMI_Handler                            0x08000f86   Section        0  stm32f1xx_it.o(i.NMI_Handler)
    i.NVIC_SetPriority                       0x08000f88   Section        0  stm32f1xx_hal_cortex.o(i.NVIC_SetPriority)
    NVIC_SetPriority                         0x08000f89   Thumb Code    32  stm32f1xx_hal_cortex.o(i.NVIC_SetPriority)
    i.PendSV_Handler                         0x08000fa8   Section        0  stm32f1xx_it.o(i.PendSV_Handler)
    i.SVC_Handler                            0x08000faa   Section        0  stm32f1xx_it.o(i.SVC_Handler)
    i.SysTick_Handler                        0x08000fac   Section        0  stm32f1xx_it.o(i.SysTick_Handler)
    i.SystemClock_Config                     0x08000fba   Section        0  main.o(i.SystemClock_Config)
    i.SystemInit                             0x08001020   Section        0  system_stm32f1xx.o(i.SystemInit)
    i.UsageFault_Handler                     0x08001068   Section        0  stm32f1xx_it.o(i.UsageFault_Handler)
    i.__scatterload_copy                     0x0800106a   Section       14  handlers.o(i.__scatterload_copy)
    i.__scatterload_null                     0x08001078   Section        2  handlers.o(i.__scatterload_null)
    i.__scatterload_zeroinit                 0x0800107a   Section       14  handlers.o(i.__scatterload_zeroinit)
    i.draw                                   0x08001088   Section        0  main.o(i.draw)
    i.main                                   0x080010c0   Section        0  main.o(i.main)
    i.u8g_Begin                              0x08001104   Section        0  u8g_ll_api.o(i.u8g_Begin)
    i.u8g_Delay                              0x0800111c   Section        0  u8g_arm.o(i.u8g_Delay)
    i.u8g_Draw8Pixel                         0x08001120   Section        0  u8g_ll_api.o(i.u8g_Draw8Pixel)
    i.u8g_Draw8PixelLL                       0x08001136   Section        0  u8g_ll_api.o(i.u8g_Draw8PixelLL)
    i.u8g_DrawBox                            0x08001152   Section        0  u8g_rect.o(i.u8g_DrawBox)
    i.u8g_DrawStr                            0x0800117c   Section        0  u8g_font.o(i.u8g_DrawStr)
    i.u8g_FillEmptyGlyphCache                0x080011b4   Section        0  u8g_font.o(i.u8g_FillEmptyGlyphCache)
    u8g_FillEmptyGlyphCache                  0x080011b5   Thumb Code    16  u8g_font.o(i.u8g_FillEmptyGlyphCache)
    i.u8g_FirstPage                          0x080011c4   Section        0  u8g_ll_api.o(i.u8g_FirstPage)
    i.u8g_FirstPageLL                        0x080011ca   Section        0  u8g_ll_api.o(i.u8g_FirstPageLL)
    i.u8g_GetGlyph                           0x08001200   Section        0  u8g_font.o(i.u8g_GetGlyph)
    i.u8g_GetHeightLL                        0x080012e2   Section        0  u8g_ll_api.o(i.u8g_GetHeightLL)
    i.u8g_GetModeLL                          0x080012f2   Section        0  u8g_ll_api.o(i.u8g_GetModeLL)
    i.u8g_GetWidthLL                         0x08001300   Section        0  u8g_ll_api.o(i.u8g_GetWidthLL)
    i.u8g_InitCom                            0x08001310   Section        0  u8g_com_api.o(i.u8g_InitCom)
    i.u8g_InitComFn                          0x0800131e   Section        0  u8g_ll_api.o(i.u8g_InitComFn)
    i.u8g_InitLL                             0x08001338   Section        0  u8g_ll_api.o(i.u8g_InitLL)
    i.u8g_IsBBXIntersection                  0x08001362   Section        0  u8g_clip.o(i.u8g_IsBBXIntersection)
    i.u8g_NextPage                           0x0800139c   Section        0  u8g_ll_api.o(i.u8g_NextPage)
    i.u8g_NextPageLL                         0x080013b2   Section        0  u8g_ll_api.o(i.u8g_NextPageLL)
    i.u8g_SetAddress                         0x080013ec   Section        0  u8g_com_api.o(i.u8g_SetAddress)
    i.u8g_SetChipSelect                      0x080013fa   Section        0  u8g_com_api.o(i.u8g_SetChipSelect)
    i.u8g_SetFont                            0x08001408   Section        0  u8g_font.o(i.u8g_SetFont)
    i.u8g_SetFontPosBaseline                 0x08001424   Section        0  u8g_font.o(i.u8g_SetFontPosBaseline)
    i.u8g_SetResetHigh                       0x08001430   Section        0  u8g_com_api.o(i.u8g_SetResetHigh)
    i.u8g_SetResetLow                        0x08001440   Section        0  u8g_com_api.o(i.u8g_SetResetLow)
    i.u8g_UpdateDimension                    0x08001450   Section        0  u8g_ll_api.o(i.u8g_UpdateDimension)
    i.u8g_UpdateRefHeight                    0x08001484   Section        0  u8g_font.o(i.u8g_UpdateRefHeight)
    i.u8g_WriteByte                          0x080014ec   Section        0  u8g_com_api.o(i.u8g_WriteByte)
    i.u8g_WriteEscSeqP                       0x080014fa   Section        0  u8g_com_api.o(i.u8g_WriteEscSeqP)
    i.u8g_WriteSequence                      0x0800159e   Section        0  u8g_com_api.o(i.u8g_WriteSequence)
    i.u8g_call_dev_fn                        0x080015aa   Section        0  u8g_ll_api.o(i.u8g_call_dev_fn)
    i.u8g_com_hw_i2c_fn                      0x080015b4   Section        0  u8g_arm.o(i.u8g_com_hw_i2c_fn)
    i.u8g_com_null_fn                        0x08001614   Section        0  u8g_com_null.o(i.u8g_com_null_fn)
    i.u8g_dev_pb8v1_base_fn                  0x08001618   Section        0  u8g_pb8v1.o(i.u8g_dev_pb8v1_base_fn)
    i.u8g_dev_ssd1306_128x64_fn              0x080016a4   Section        0  u8g_dev_ssd1306_128x64.o(i.u8g_dev_ssd1306_128x64_fn)
    i.u8g_draw_box                           0x0800173c   Section        0  u8g_rect.o(i.u8g_draw_box)
    i.u8g_draw_glyph                         0x08001766   Section        0  u8g_font.o(i.u8g_draw_glyph)
    i.u8g_draw_hline                         0x08001810   Section        0  u8g_rect.o(i.u8g_draw_hline)
    i.u8g_font_GetCapitalAHeight             0x0800185c   Section        0  u8g_font.o(i.u8g_font_GetCapitalAHeight)
    i.u8g_font_GetEncoding65Pos              0x08001860   Section        0  u8g_font.o(i.u8g_font_GetEncoding65Pos)
    i.u8g_font_GetEncoding97Pos              0x08001866   Section        0  u8g_font.o(i.u8g_font_GetEncoding97Pos)
    i.u8g_font_GetFontAscent                 0x0800186c   Section        0  u8g_font.o(i.u8g_font_GetFontAscent)
    i.u8g_font_GetFontDescent                0x08001872   Section        0  u8g_font.o(i.u8g_font_GetFontDescent)
    i.u8g_font_GetFontEndEncoding            0x08001878   Section        0  u8g_font.o(i.u8g_font_GetFontEndEncoding)
    i.u8g_font_GetFontGlyphStructureSize     0x0800187c   Section        0  u8g_font.o(i.u8g_font_GetFontGlyphStructureSize)
    u8g_font_GetFontGlyphStructureSize       0x0800187d   Thumb Code    24  u8g_font.o(i.u8g_font_GetFontGlyphStructureSize)
    i.u8g_font_GetFontStartEncoding          0x08001894   Section        0  u8g_font.o(i.u8g_font_GetFontStartEncoding)
    i.u8g_font_GetFontXAscent                0x08001898   Section        0  u8g_font.o(i.u8g_font_GetFontXAscent)
    i.u8g_font_GetFontXDescent               0x0800189e   Section        0  u8g_font.o(i.u8g_font_GetFontXDescent)
    i.u8g_font_GetFormat                     0x080018a4   Section        0  u8g_font.o(i.u8g_font_GetFormat)
    u8g_font_GetFormat                       0x080018a5   Thumb Code     4  u8g_font.o(i.u8g_font_GetFormat)
    i.u8g_font_GetGlyphDataStart             0x080018a8   Section        0  u8g_font.o(i.u8g_font_GetGlyphDataStart)
    u8g_font_GetGlyphDataStart               0x080018a9   Thumb Code    12  u8g_font.o(i.u8g_font_GetGlyphDataStart)
    i.u8g_font_GetLowerGDescent              0x080018b4   Section        0  u8g_font.o(i.u8g_font_GetLowerGDescent)
    i.u8g_font_calc_vref_font                0x080018ba   Section        0  u8g_font.o(i.u8g_font_calc_vref_font)
    i.u8g_font_get_word                      0x080018be   Section        0  u8g_font.o(i.u8g_font_get_word)
    u8g_font_get_word                        0x080018bf   Thumb Code    20  u8g_font.o(i.u8g_font_get_word)
    i.u8g_init_data                          0x080018d4   Section        0  u8g_ll_api.o(i.u8g_init_data)
    u8g_init_data                            0x080018d5   Thumb Code    52  u8g_ll_api.o(i.u8g_init_data)
    i.u8g_is_intersection_decision_tree      0x0800190c   Section        0  u8g_clip.o(i.u8g_is_intersection_decision_tree)
    u8g_is_intersection_decision_tree        0x0800190d   Thumb Code    24  u8g_clip.o(i.u8g_is_intersection_decision_tree)
    i.u8g_page_First                         0x08001924   Section        0  u8g_page.o(i.u8g_page_First)
    i.u8g_page_Next                          0x08001932   Section        0  u8g_page.o(i.u8g_page_Next)
    i.u8g_pb8v1_Set8PixelOpt2                0x08001960   Section        0  u8g_pb8v1.o(i.u8g_pb8v1_Set8PixelOpt2)
    i.u8g_pb8v1_SetPixel                     0x080019b2   Section        0  u8g_pb8v1.o(i.u8g_pb8v1_SetPixel)
    i.u8g_pb8v1_set_pixel                    0x080019d8   Section        0  u8g_pb8v1.o(i.u8g_pb8v1_set_pixel)
    i.u8g_pb_Clear                           0x080019fa   Section        0  u8g_pb.o(i.u8g_pb_Clear)
    i.u8g_pb_GetPageBox                      0x08001a0c   Section        0  u8g_pb.o(i.u8g_pb_GetPageBox)
    i.u8g_pb_Is8PixelVisible                 0x08001a20   Section        0  u8g_pb.o(i.u8g_pb_Is8PixelVisible)
    i.u8g_pb_IsYIntersection                 0x08001a4a   Section        0  u8g_pb.o(i.u8g_pb_IsYIntersection)
    i.u8g_pb_WriteBuffer                     0x08001a7c   Section        0  u8g_pb.o(i.u8g_pb_WriteBuffer)
    i.u8g_state_dummy_cb                     0x08001a90   Section        0  u8g_state.o(i.u8g_state_dummy_cb)
    i.u8g_xMicroDelay                        0x08001a94   Section        0  u8g_arm.o(i.u8g_xMicroDelay)
    .constdata                               0x08001acc   Section     2560  u8g_font_data.o(.constdata)
    .constdata                               0x080024cc   Section      112  u8g_dev_ssd1306_128x64.o(.constdata)
    u8g_dev_ssd1306_128x64_data_start        0x080024cc   Data           8  u8g_dev_ssd1306_128x64.o(.constdata)
    u8g_dev_sh1106_128x64_data_start         0x080024d4   Data           8  u8g_dev_ssd1306_128x64.o(.constdata)
    u8g_dev_ssd1306_128x64_adafruit2_init_seq 0x080024dc   Data          38  u8g_dev_ssd1306_128x64.o(.constdata)
    u8g_dev_ssd1306_128x64_adafruit3_init_seq 0x08002502   Data          38  u8g_dev_ssd1306_128x64.o(.constdata)
    u8g_dev_ssd13xx_sleep_on                 0x08002528   Data           9  u8g_dev_ssd1306_128x64.o(.constdata)
    u8g_dev_ssd13xx_sleep_off                0x08002531   Data          11  u8g_dev_ssd1306_128x64.o(.constdata)
    .constdata                               0x0800253c   Section       16  system_stm32f1xx.o(.constdata)
    .constdata                               0x0800254c   Section        8  system_stm32f1xx.o(.constdata)
    .data                                    0x20000000   Section       12  stm32f1xx_hal.o(.data)
    .data                                    0x2000000c   Section       16  u8g_arm.o(.data)
    control                                  0x2000000c   Data           1  u8g_arm.o(.data)
    i                                        0x20000010   Data           4  u8g_arm.o(.data)
    j                                        0x20000014   Data           4  u8g_arm.o(.data)
    freq                                     0x20000018   Data           4  u8g_arm.o(.data)
    .data                                    0x2000001c   Section       12  u8g_dev_ssd1306_128x64.o(.data)
    .data                                    0x20000028   Section       12  u8g_dev_ssd1306_128x64.o(.data)
    .data                                    0x20000034   Section        4  system_stm32f1xx.o(.data)
    .bss                                     0x20000038   Section      128  u8g_dev_ssd1306_128x64.o(.bss)
    .bss                                     0x200000b8   Section      144  main.o(.bss)
    u8g                                      0x2000010c   Data          60  main.o(.bss)
    STACK                                    0x20000148   Section     2048  startup_stm32f103xb.o(STACK)

    Global Symbols

    Symbol Name                              Value     Ov Type        Size  Object(Section)

    BuildAttributes$$THM_ISAv4$P$D$K$B$S$PE$A:L22UL41UL21$X:L11$S22US41US21$IEEE1$IW$USESV6$~STKCKD$USESV7$~SHL$OSPACE$EBA8$MICROLIB$REQ8$PRES8$EABIv2 0x00000000   Number         0  anon$$obj.o ABSOLUTE
    __ARM_use_no_argv                        0x00000000   Number         0  main.o ABSOLUTE
    __cpp_initialize__aeabi_                  - Undefined Weak Reference
    __cxa_finalize                            - Undefined Weak Reference
    __decompress                              - Undefined Weak Reference
    _clock_init                               - Undefined Weak Reference
    _microlib_exit                            - Undefined Weak Reference
    __Vectors_Size                           0x000000ec   Number         0  startup_stm32f103xb.o ABSOLUTE
    __Vectors                                0x08000000   Data           4  startup_stm32f103xb.o(RESET)
    __Vectors_End                            0x080000ec   Data           0  startup_stm32f103xb.o(RESET)
    __main                                   0x080000ed   Thumb Code     0  entry.o(.ARM.Collect$$$$00000000)
    _main_stk                                0x080000ed   Thumb Code     0  entry2.o(.ARM.Collect$$$$00000001)
    _main_scatterload                        0x080000f1   Thumb Code     0  entry5.o(.ARM.Collect$$$$00000004)
    __main_after_scatterload                 0x080000f5   Thumb Code     0  entry5.o(.ARM.Collect$$$$00000004)
    _main_clock                              0x080000f5   Thumb Code     0  entry7b.o(.ARM.Collect$$$$00000008)
    _main_cpp_init                           0x080000f5   Thumb Code     0  entry8b.o(.ARM.Collect$$$$0000000A)
    _main_init                               0x080000f5   Thumb Code     0  entry9a.o(.ARM.Collect$$$$0000000B)
    __rt_final_cpp                           0x080000fd   Thumb Code     0  entry10a.o(.ARM.Collect$$$$0000000D)
    __rt_final_exit                          0x080000fd   Thumb Code     0  entry11a.o(.ARM.Collect$$$$0000000F)
    Reset_Handler                            0x08000101   Thumb Code     8  startup_stm32f103xb.o(.text)
    ADC1_2_IRQHandler                        0x0800011b   Thumb Code     0  startup_stm32f103xb.o(.text)
    CAN1_RX1_IRQHandler                      0x0800011b   Thumb Code     0  startup_stm32f103xb.o(.text)
    CAN1_SCE_IRQHandler                      0x0800011b   Thumb Code     0  startup_stm32f103xb.o(.text)
    DMA1_Channel1_IRQHandler                 0x0800011b   Thumb Code     0  startup_stm32f103xb.o(.text)
    DMA1_Channel2_IRQHandler                 0x0800011b   Thumb Code     0  startup_stm32f103xb.o(.text)
    DMA1_Channel3_IRQHandler                 0x0800011b   Thumb Code     0  startup_stm32f103xb.o(.text)
    DMA1_Channel4_IRQHandler                 0x0800011b   Thumb Code     0  startup_stm32f103xb.o(.text)
    DMA1_Channel5_IRQHandler                 0x0800011b   Thumb Code     0  startup_stm32f103xb.o(.text)
    DMA1_Channel6_IRQHandler                 0x0800011b   Thumb Code     0  startup_stm32f103xb.o(.text)
    DMA1_Channel7_IRQHandler                 0x0800011b   Thumb Code     0  startup_stm32f103xb.o(.text)
    EXTI0_IRQHandler                         0x0800011b   Thumb Code     0  startup_stm32f103xb.o(.text)
    EXTI15_10_IRQHandler                     0x0800011b   Thumb Code     0  startup_stm32f103xb.o(.text)
    EXTI1_IRQHandler                         0x0800011b   Thumb Code     0  startup_stm32f103xb.o(.text)
    EXTI2_IRQHandler                         0x0800011b   Thumb Code     0  startup_stm32f103xb.o(.text)
    EXTI3_IRQHandler                         0x0800011b   Thumb Code     0  startup_stm32f103xb.o(.text)
    EXTI4_IRQHandler                         0x0800011b   Thumb Code     0  startup_stm32f103xb.o(.text)
    EXTI9_5_IRQHandler                       0x0800011b   Thumb Code     0  startup_stm32f103xb.o(.text)
    FLASH_IRQHandler                         0x0800011b   Thumb Code     0  startup_stm32f103xb.o(.text)
    I2C1_ER_IRQHandler                       0x0800011b   Thumb Code     0  startup_stm32f103xb.o(.text)
    I2C1_EV_IRQHandler                       0x0800011b   Thumb Code     0  startup_stm32f103xb.o(.text)
    I2C2_ER_IRQHandler                       0x0800011b   Thumb Code     0  startup_stm32f103xb.o(.text)
    I2C2_EV_IRQHandler                       0x0800011b   Thumb Code     0  startup_stm32f103xb.o(.text)
    PVD_IRQHandler                           0x0800011b   Thumb Code     0  startup_stm32f103xb.o(.text)
    RCC_IRQHandler                           0x0800011b   Thumb Code     0  startup_stm32f103xb.o(.text)
    RTC_Alarm_IRQHandler                     0x0800011b   Thumb Code     0  startup_stm32f103xb.o(.text)
    RTC_IRQHandler                           0x0800011b   Thumb Code     0  startup_stm32f103xb.o(.text)
    SPI1_IRQHandler                          0x0800011b   Thumb Code     0  startup_stm32f103xb.o(.text)
    SPI2_IRQHandler                          0x0800011b   Thumb Code     0  startup_stm32f103xb.o(.text)
    TAMPER_IRQHandler                        0x0800011b   Thumb Code     0  startup_stm32f103xb.o(.text)
    TIM1_BRK_IRQHandler                      0x0800011b   Thumb Code     0  startup_stm32f103xb.o(.text)
    TIM1_CC_IRQHandler                       0x0800011b   Thumb Code     0  startup_stm32f103xb.o(.text)
    TIM1_TRG_COM_IRQHandler                  0x0800011b   Thumb Code     0  startup_stm32f103xb.o(.text)
    TIM1_UP_IRQHandler                       0x0800011b   Thumb Code     0  startup_stm32f103xb.o(.text)
    TIM2_IRQHandler                          0x0800011b   Thumb Code     0  startup_stm32f103xb.o(.text)
    TIM3_IRQHandler                          0x0800011b   Thumb Code     0  startup_stm32f103xb.o(.text)
    TIM4_IRQHandler                          0x0800011b   Thumb Code     0  startup_stm32f103xb.o(.text)
    USART1_IRQHandler                        0x0800011b   Thumb Code     0  startup_stm32f103xb.o(.text)
    USART2_IRQHandler                        0x0800011b   Thumb Code     0  startup_stm32f103xb.o(.text)
    USART3_IRQHandler                        0x0800011b   Thumb Code     0  startup_stm32f103xb.o(.text)
    USBWakeUp_IRQHandler                     0x0800011b   Thumb Code     0  startup_stm32f103xb.o(.text)
    USB_HP_CAN1_TX_IRQHandler                0x0800011b   Thumb Code     0  startup_stm32f103xb.o(.text)
    USB_LP_CAN1_RX0_IRQHandler               0x0800011b   Thumb Code     0  startup_stm32f103xb.o(.text)
    WWDG_IRQHandler                          0x0800011b   Thumb Code     0  startup_stm32f103xb.o(.text)
    __scatterload                            0x08000125   Thumb Code    28  init.o(.text)
    __scatterload_rt2                        0x08000125   Thumb Code     0  init.o(.text)
    BusFault_Handler                         0x08000149   Thumb Code     2  stm32f1xx_it.o(i.BusFault_Handler)
    DebugMon_Handler                         0x0800014b   Thumb Code     2  stm32f1xx_it.o(i.DebugMon_Handler)
    HAL_Delay                                0x0800014d   Thumb Code    32  stm32f1xx_hal.o(i.HAL_Delay)
    HAL_GPIO_Init                            0x08000171   Thumb Code   408  stm32f1xx_hal_gpio.o(i.HAL_GPIO_Init)
    HAL_GPIO_WritePin                        0x0800032d   Thumb Code    10  stm32f1xx_hal_gpio.o(i.HAL_GPIO_WritePin)
    HAL_GetTick                              0x08000339   Thumb Code     6  stm32f1xx_hal.o(i.HAL_GetTick)
    HAL_I2C_Init                             0x08000345   Thumb Code   302  stm32f1xx_hal_i2c.o(i.HAL_I2C_Init)
    HAL_I2C_Mem_Write                        0x08000485   Thumb Code   306  stm32f1xx_hal_i2c.o(i.HAL_I2C_Mem_Write)
    HAL_I2C_MspInit                          0x080005c1   Thumb Code    54  stm32f1xx_hal_msp.o(i.HAL_I2C_MspInit)
    HAL_IncTick                              0x08000605   Thumb Code    12  stm32f1xx_hal.o(i.HAL_IncTick)
    HAL_Init                                 0x08000615   Thumb Code    32  stm32f1xx_hal.o(i.HAL_Init)
    HAL_InitTick                             0x08000639   Thumb Code    54  stm32f1xx_hal.o(i.HAL_InitTick)
    HAL_MspInit                              0x08000679   Thumb Code   118  stm32f1xx_hal_msp.o(i.HAL_MspInit)
    HAL_NVIC_SetPriority                     0x080006f9   Thumb Code    60  stm32f1xx_hal_cortex.o(i.HAL_NVIC_SetPriority)
    HAL_NVIC_SetPriorityGrouping             0x08000739   Thumb Code    26  stm32f1xx_hal_cortex.o(i.HAL_NVIC_SetPriorityGrouping)
    HAL_RCC_ClockConfig                      0x0800075d   Thumb Code   322  stm32f1xx_hal_rcc.o(i.HAL_RCC_ClockConfig)
    HAL_RCC_GetHCLKFreq                      0x080008b1   Thumb Code     6  stm32f1xx_hal_rcc.o(i.HAL_RCC_GetHCLKFreq)
    HAL_RCC_GetPCLK1Freq                     0x080008bd   Thumb Code    20  stm32f1xx_hal_rcc.o(i.HAL_RCC_GetPCLK1Freq)
    HAL_RCC_GetSysClockFreq                  0x080008dd   Thumb Code    74  stm32f1xx_hal_rcc.o(i.HAL_RCC_GetSysClockFreq)
    HAL_RCC_OscConfig                        0x08000949   Thumb Code   750  stm32f1xx_hal_rcc.o(i.HAL_RCC_OscConfig)
    HAL_SYSTICK_CLKSourceConfig              0x08000c4d   Thumb Code    24  stm32f1xx_hal_cortex.o(i.HAL_SYSTICK_CLKSourceConfig)
    HAL_SYSTICK_Callback                     0x08000c65   Thumb Code     2  stm32f1xx_hal_cortex.o(i.HAL_SYSTICK_Callback)
    HAL_SYSTICK_Config                       0x08000c67   Thumb Code    40  stm32f1xx_hal_cortex.o(i.HAL_SYSTICK_Config)
    HAL_SYSTICK_IRQHandler                   0x08000c8f   Thumb Code     8  stm32f1xx_hal_cortex.o(i.HAL_SYSTICK_IRQHandler)
    HardFault_Handler                        0x08000c97   Thumb Code     2  stm32f1xx_it.o(i.HardFault_Handler)
    MemManage_Handler                        0x08000f85   Thumb Code     2  stm32f1xx_it.o(i.MemManage_Handler)
    NMI_Handler                              0x08000f87   Thumb Code     2  stm32f1xx_it.o(i.NMI_Handler)
    PendSV_Handler                           0x08000fa9   Thumb Code     2  stm32f1xx_it.o(i.PendSV_Handler)
    SVC_Handler                              0x08000fab   Thumb Code     2  stm32f1xx_it.o(i.SVC_Handler)
    SysTick_Handler                          0x08000fad   Thumb Code    14  stm32f1xx_it.o(i.SysTick_Handler)
    SystemClock_Config                       0x08000fbb   Thumb Code   102  main.o(i.SystemClock_Config)
    SystemInit                               0x08001021   Thumb Code    56  system_stm32f1xx.o(i.SystemInit)
    UsageFault_Handler                       0x08001069   Thumb Code     2  stm32f1xx_it.o(i.UsageFault_Handler)
    __scatterload_copy                       0x0800106b   Thumb Code    14  handlers.o(i.__scatterload_copy)
    __scatterload_null                       0x08001079   Thumb Code     2  handlers.o(i.__scatterload_null)
    __scatterload_zeroinit                   0x0800107b   Thumb Code    14  handlers.o(i.__scatterload_zeroinit)
    draw                                     0x08001089   Thumb Code    40  main.o(i.draw)
    main                                     0x080010c1   Thumb Code    54  main.o(i.main)
    u8g_Begin                                0x08001105   Thumb Code    24  u8g_ll_api.o(i.u8g_Begin)
    u8g_Delay                                0x0800111d   Thumb Code     4  u8g_arm.o(i.u8g_Delay)
    u8g_Draw8Pixel                           0x08001121   Thumb Code    22  u8g_ll_api.o(i.u8g_Draw8Pixel)
    u8g_Draw8PixelLL                         0x08001137   Thumb Code    28  u8g_ll_api.o(i.u8g_Draw8PixelLL)
    u8g_DrawBox                              0x08001153   Thumb Code    42  u8g_rect.o(i.u8g_DrawBox)
    u8g_DrawStr                              0x0800117d   Thumb Code    56  u8g_font.o(i.u8g_DrawStr)
    u8g_FirstPage                            0x080011c5   Thumb Code     6  u8g_ll_api.o(i.u8g_FirstPage)
    u8g_FirstPageLL                          0x080011cb   Thumb Code    54  u8g_ll_api.o(i.u8g_FirstPageLL)
    u8g_GetGlyph                             0x08001201   Thumb Code   226  u8g_font.o(i.u8g_GetGlyph)
    u8g_GetHeightLL                          0x080012e3   Thumb Code    16  u8g_ll_api.o(i.u8g_GetHeightLL)
    u8g_GetModeLL                            0x080012f3   Thumb Code    14  u8g_ll_api.o(i.u8g_GetModeLL)
    u8g_GetWidthLL                           0x08001301   Thumb Code    16  u8g_ll_api.o(i.u8g_GetWidthLL)
    u8g_InitCom                              0x08001311   Thumb Code    14  u8g_com_api.o(i.u8g_InitCom)
    u8g_InitComFn                            0x0800131f   Thumb Code    26  u8g_ll_api.o(i.u8g_InitComFn)
    u8g_InitLL                               0x08001339   Thumb Code    42  u8g_ll_api.o(i.u8g_InitLL)
    u8g_IsBBXIntersection                    0x08001363   Thumb Code    58  u8g_clip.o(i.u8g_IsBBXIntersection)
    u8g_NextPage                             0x0800139d   Thumb Code    22  u8g_ll_api.o(i.u8g_NextPage)
    u8g_NextPageLL                           0x080013b3   Thumb Code    58  u8g_ll_api.o(i.u8g_NextPageLL)
    u8g_SetAddress                           0x080013ed   Thumb Code    14  u8g_com_api.o(i.u8g_SetAddress)
    u8g_SetChipSelect                        0x080013fb   Thumb Code    14  u8g_com_api.o(i.u8g_SetChipSelect)
    u8g_SetFont                              0x08001409   Thumb Code    24  u8g_font.o(i.u8g_SetFont)
    u8g_SetFontPosBaseline                   0x08001425   Thumb Code     6  u8g_font.o(i.u8g_SetFontPosBaseline)
    u8g_SetResetHigh                         0x08001431   Thumb Code    16  u8g_com_api.o(i.u8g_SetResetHigh)
    u8g_SetResetLow                          0x08001441   Thumb Code    16  u8g_com_api.o(i.u8g_SetResetLow)
    u8g_UpdateDimension                      0x08001451   Thumb Code    50  u8g_ll_api.o(i.u8g_UpdateDimension)
    u8g_UpdateRefHeight                      0x08001485   Thumb Code   104  u8g_font.o(i.u8g_UpdateRefHeight)
    u8g_WriteByte                            0x080014ed   Thumb Code    14  u8g_com_api.o(i.u8g_WriteByte)
    u8g_WriteEscSeqP                         0x080014fb   Thumb Code   164  u8g_com_api.o(i.u8g_WriteEscSeqP)
    u8g_WriteSequence                        0x0800159f   Thumb Code    12  u8g_com_api.o(i.u8g_WriteSequence)
    u8g_call_dev_fn                          0x080015ab   Thumb Code    10  u8g_ll_api.o(i.u8g_call_dev_fn)
    u8g_com_hw_i2c_fn                        0x080015b5   Thumb Code    86  u8g_arm.o(i.u8g_com_hw_i2c_fn)
    u8g_com_null_fn                          0x08001615   Thumb Code     4  u8g_com_null.o(i.u8g_com_null_fn)
    u8g_dev_pb8v1_base_fn                    0x08001619   Thumb Code   138  u8g_pb8v1.o(i.u8g_dev_pb8v1_base_fn)
    u8g_dev_ssd1306_128x64_fn                0x080016a5   Thumb Code   146  u8g_dev_ssd1306_128x64.o(i.u8g_dev_ssd1306_128x64_fn)
    u8g_draw_box                             0x0800173d   Thumb Code    42  u8g_rect.o(i.u8g_draw_box)
    u8g_draw_glyph                           0x08001767   Thumb Code   170  u8g_font.o(i.u8g_draw_glyph)
    u8g_draw_hline                           0x08001811   Thumb Code    76  u8g_rect.o(i.u8g_draw_hline)
    u8g_font_GetCapitalAHeight               0x0800185d   Thumb Code     4  u8g_font.o(i.u8g_font_GetCapitalAHeight)
    u8g_font_GetEncoding65Pos                0x08001861   Thumb Code     6  u8g_font.o(i.u8g_font_GetEncoding65Pos)
    u8g_font_GetEncoding97Pos                0x08001867   Thumb Code     6  u8g_font.o(i.u8g_font_GetEncoding97Pos)
    u8g_font_GetFontAscent                   0x0800186d   Thumb Code     6  u8g_font.o(i.u8g_font_GetFontAscent)
    u8g_font_GetFontDescent                  0x08001873   Thumb Code     6  u8g_font.o(i.u8g_font_GetFontDescent)
    u8g_font_GetFontEndEncoding              0x08001879   Thumb Code     4  u8g_font.o(i.u8g_font_GetFontEndEncoding)
    u8g_font_GetFontStartEncoding            0x08001895   Thumb Code     4  u8g_font.o(i.u8g_font_GetFontStartEncoding)
    u8g_font_GetFontXAscent                  0x08001899   Thumb Code     6  u8g_font.o(i.u8g_font_GetFontXAscent)
    u8g_font_GetFontXDescent                 0x0800189f   Thumb Code     6  u8g_font.o(i.u8g_font_GetFontXDescent)
    u8g_font_GetLowerGDescent                0x080018b5   Thumb Code     6  u8g_font.o(i.u8g_font_GetLowerGDescent)
    u8g_font_calc_vref_font                  0x080018bb   Thumb Code     4  u8g_font.o(i.u8g_font_calc_vref_font)
    u8g_page_First                           0x08001925   Thumb Code    14  u8g_page.o(i.u8g_page_First)
    u8g_page_Next                            0x08001933   Thumb Code    46  u8g_page.o(i.u8g_page_Next)
    u8g_pb8v1_Set8PixelOpt2                  0x08001961   Thumb Code    82  u8g_pb8v1.o(i.u8g_pb8v1_Set8PixelOpt2)
    u8g_pb8v1_SetPixel                       0x080019b3   Thumb Code    38  u8g_pb8v1.o(i.u8g_pb8v1_SetPixel)
    u8g_pb8v1_set_pixel                      0x080019d9   Thumb Code    34  u8g_pb8v1.o(i.u8g_pb8v1_set_pixel)
    u8g_pb_Clear                             0x080019fb   Thumb Code    18  u8g_pb.o(i.u8g_pb_Clear)
    u8g_pb_GetPageBox                        0x08001a0d   Thumb Code    20  u8g_pb.o(i.u8g_pb_GetPageBox)
    u8g_pb_Is8PixelVisible                   0x08001a21   Thumb Code    42  u8g_pb.o(i.u8g_pb_Is8PixelVisible)
    u8g_pb_IsYIntersection                   0x08001a4b   Thumb Code    50  u8g_pb.o(i.u8g_pb_IsYIntersection)
    u8g_pb_WriteBuffer                       0x08001a7d   Thumb Code    20  u8g_pb.o(i.u8g_pb_WriteBuffer)
    u8g_state_dummy_cb                       0x08001a91   Thumb Code     2  u8g_state.o(i.u8g_state_dummy_cb)
    u8g_xMicroDelay                          0x08001a95   Thumb Code    48  u8g_arm.o(i.u8g_xMicroDelay)
    u8g_font_profont10                       0x08001acc   Data        2560  u8g_font_data.o(.constdata)
    AHBPrescTable                            0x0800253c   Data          16  system_stm32f1xx.o(.constdata)
    APBPrescTable                            0x0800254c   Data           8  system_stm32f1xx.o(.constdata)
    Region$$Table$$Base                      0x08002554   Number         0  anon$$obj.o(Region$$Table)
    Region$$Table$$Limit                     0x08002574   Number         0  anon$$obj.o(Region$$Table)
    uwTickFreq                               0x20000000   Data           1  stm32f1xx_hal.o(.data)
    uwTickPrio                               0x20000004   Data           4  stm32f1xx_hal.o(.data)
    uwTick                                   0x20000008   Data           4  stm32f1xx_hal.o(.data)
    u8g_dev_ssd1306_128x64_i2c_pb            0x2000001c   Data          12  u8g_dev_ssd1306_128x64.o(.data)
    u8g_dev_ssd1306_128x64_i2c               0x20000028   Data          12  u8g_dev_ssd1306_128x64.o(.data)
    SystemCoreClock                          0x20000034   Data           4  system_stm32f1xx.o(.data)
    u8g_dev_ssd1306_128x64_i2c_buf           0x20000038   Data         128  u8g_dev_ssd1306_128x64.o(.bss)
    hi2c1                                    0x200000b8   Data          84  main.o(.bss)
    __initial_sp                             0x20000948   Data           0  startup_stm32f103xb.o(STACK)



==============================================================================

Memory Map of the image

  Image Entry point : 0x080000ed

  Load Region LR_IROM1 (Base: 0x08000000, Size: 0x000025ac, Max: 0x00010000, ABSOLUTE)

    Execution Region ER_IROM1 (Exec base: 0x08000000, Load base: 0x08000000, Size: 0x00002574, Max: 0x00010000, ABSOLUTE)

    Exec Addr    Load Addr    Size         Type   Attr      Idx    E Section Name        Object

    0x08000000   0x08000000   0x000000ec   Data   RO            3    RESET               startup_stm32f103xb.o
    0x080000ec   0x080000ec   0x00000000   Code   RO         4073  * .ARM.Collect$$$$00000000  mc_w.l(entry.o)
    0x080000ec   0x080000ec   0x00000004   Code   RO         4078    .ARM.Collect$$$$00000001  mc_w.l(entry2.o)
    0x080000f0   0x080000f0   0x00000004   Code   RO         4081    .ARM.Collect$$$$00000004  mc_w.l(entry5.o)
    0x080000f4   0x080000f4   0x00000000   Code   RO         4083    .ARM.Collect$$$$00000008  mc_w.l(entry7b.o)
    0x080000f4   0x080000f4   0x00000000   Code   RO         4085    .ARM.Collect$$$$0000000A  mc_w.l(entry8b.o)
    0x080000f4   0x080000f4   0x00000008   Code   RO         4086    .ARM.Collect$$$$0000000B  mc_w.l(entry9a.o)
    0x080000fc   0x080000fc   0x00000000   Code   RO         4088    .ARM.Collect$$$$0000000D  mc_w.l(entry10a.o)
    0x080000fc   0x080000fc   0x00000000   Code   RO         4090    .ARM.Collect$$$$0000000F  mc_w.l(entry11a.o)
    0x080000fc   0x080000fc   0x00000004   Code   RO         4079    .ARM.Collect$$$$00002712  mc_w.l(entry2.o)
    0x08000100   0x08000100   0x00000024   Code   RO            4    .text               startup_stm32f103xb.o
    0x08000124   0x08000124   0x00000024   Code   RO         4092    .text               mc_w.l(init.o)
    0x08000148   0x08000148   0x00000002   Code   RO         3866    i.BusFault_Handler  stm32f1xx_it.o
    0x0800014a   0x0800014a   0x00000002   Code   RO         3867    i.DebugMon_Handler  stm32f1xx_it.o
    0x0800014c   0x0800014c   0x00000024   Code   RO         1053    i.HAL_Delay         stm32f1xx_hal.o
    0x08000170   0x08000170   0x000001bc   Code   RO          195    i.HAL_GPIO_Init     stm32f1xx_hal_gpio.o
    0x0800032c   0x0800032c   0x0000000a   Code   RO          199    i.HAL_GPIO_WritePin  stm32f1xx_hal_gpio.o
    0x08000336   0x08000336   0x00000002   PAD
    0x08000338   0x08000338   0x0000000c   Code   RO         1057    i.HAL_GetTick       stm32f1xx_hal.o
    0x08000344   0x08000344   0x00000140   Code   RO          659    i.HAL_I2C_Init      stm32f1xx_hal_i2c.o
    0x08000484   0x08000484   0x0000013c   Code   RO          678    i.HAL_I2C_Mem_Write  stm32f1xx_hal_i2c.o
    0x080005c0   0x080005c0   0x00000044   Code   RO         4003    i.HAL_I2C_MspInit   stm32f1xx_hal_msp.o
    0x08000604   0x08000604   0x00000010   Code   RO         1061    i.HAL_IncTick       stm32f1xx_hal.o
    0x08000614   0x08000614   0x00000024   Code   RO         1062    i.HAL_Init          stm32f1xx_hal.o
    0x08000638   0x08000638   0x00000040   Code   RO         1063    i.HAL_InitTick      stm32f1xx_hal.o
    0x08000678   0x08000678   0x00000080   Code   RO         4004    i.HAL_MspInit       stm32f1xx_hal_msp.o
    0x080006f8   0x080006f8   0x00000040   Code   RO         1338    i.HAL_NVIC_SetPriority  stm32f1xx_hal_cortex.o
    0x08000738   0x08000738   0x00000024   Code   RO         1339    i.HAL_NVIC_SetPriorityGrouping  stm32f1xx_hal_cortex.o
    0x0800075c   0x0800075c   0x00000154   Code   RO          408    i.HAL_RCC_ClockConfig  stm32f1xx_hal_rcc.o
    0x080008b0   0x080008b0   0x0000000c   Code   RO          413    i.HAL_RCC_GetHCLKFreq  stm32f1xx_hal_rcc.o
    0x080008bc   0x080008bc   0x00000020   Code   RO          415    i.HAL_RCC_GetPCLK1Freq  stm32f1xx_hal_rcc.o
    0x080008dc   0x080008dc   0x0000006c   Code   RO          417    i.HAL_RCC_GetSysClockFreq  stm32f1xx_hal_rcc.o
    0x08000948   0x08000948   0x00000304   Code   RO          420    i.HAL_RCC_OscConfig  stm32f1xx_hal_rcc.o
    0x08000c4c   0x08000c4c   0x00000018   Code   RO         1341    i.HAL_SYSTICK_CLKSourceConfig  stm32f1xx_hal_cortex.o
    0x08000c64   0x08000c64   0x00000002   Code   RO         1342    i.HAL_SYSTICK_Callback  stm32f1xx_hal_cortex.o
    0x08000c66   0x08000c66   0x00000028   Code   RO         1343    i.HAL_SYSTICK_Config  stm32f1xx_hal_cortex.o
    0x08000c8e   0x08000c8e   0x00000008   Code   RO         1344    i.HAL_SYSTICK_IRQHandler  stm32f1xx_hal_cortex.o
    0x08000c96   0x08000c96   0x00000002   Code   RO         3868    i.HardFault_Handler  stm32f1xx_it.o
    0x08000c98   0x08000c98   0x00000028   Code   RO          697    i.I2C_IsAcknowledgeFailed  stm32f1xx_hal_i2c.o
    0x08000cc0   0x08000cc0   0x000000a0   Code   RO          707    i.I2C_RequestMemoryWrite  stm32f1xx_hal_i2c.o
    0x08000d60   0x08000d60   0x0000004e   Code   RO          710    i.I2C_WaitOnBTFFlagUntilTimeout  stm32f1xx_hal_i2c.o
    0x08000dae   0x08000dae   0x00000060   Code   RO          711    i.I2C_WaitOnFlagUntilTimeout  stm32f1xx_hal_i2c.o
    0x08000e0e   0x08000e0e   0x00000002   PAD
    0x08000e10   0x08000e10   0x00000088   Code   RO          712    i.I2C_WaitOnMasterAddressFlagUntilTimeout  stm32f1xx_hal_i2c.o
    0x08000e98   0x08000e98   0x0000004e   Code   RO          714    i.I2C_WaitOnTXEFlagUntilTimeout  stm32f1xx_hal_i2c.o
    0x08000ee6   0x08000ee6   0x00000002   PAD
    0x08000ee8   0x08000ee8   0x00000064   Code   RO         3941    i.MX_GPIO_Init      main.o
    0x08000f4c   0x08000f4c   0x00000038   Code   RO         3942    i.MX_I2C1_Init      main.o
    0x08000f84   0x08000f84   0x00000002   Code   RO         3869    i.MemManage_Handler  stm32f1xx_it.o
    0x08000f86   0x08000f86   0x00000002   Code   RO         3870    i.NMI_Handler       stm32f1xx_it.o
    0x08000f88   0x08000f88   0x00000020   Code   RO         1345    i.NVIC_SetPriority  stm32f1xx_hal_cortex.o
    0x08000fa8   0x08000fa8   0x00000002   Code   RO         3871    i.PendSV_Handler    stm32f1xx_it.o
    0x08000faa   0x08000faa   0x00000002   Code   RO         3872    i.SVC_Handler       stm32f1xx_it.o
    0x08000fac   0x08000fac   0x0000000e   Code   RO         3873    i.SysTick_Handler   stm32f1xx_it.o
    0x08000fba   0x08000fba   0x00000066   Code   RO         3943    i.SystemClock_Config  main.o
    0x08001020   0x08001020   0x00000048   Code   RO         4039    i.SystemInit        system_stm32f1xx.o
    0x08001068   0x08001068   0x00000002   Code   RO         3874    i.UsageFault_Handler  stm32f1xx_it.o
    0x0800106a   0x0800106a   0x0000000e   Code   RO         4096    i.__scatterload_copy  mc_w.l(handlers.o)
    0x08001078   0x08001078   0x00000002   Code   RO         4097    i.__scatterload_null  mc_w.l(handlers.o)
    0x0800107a   0x0800107a   0x0000000e   Code   RO         4098    i.__scatterload_zeroinit  mc_w.l(handlers.o)
    0x08001088   0x08001088   0x00000038   Code   RO         3945    i.draw              main.o
    0x080010c0   0x080010c0   0x00000044   Code   RO         3946    i.main              main.o
    0x08001104   0x08001104   0x00000018   Code   RO         1952    i.u8g_Begin         u8g_ll_api.o
    0x0800111c   0x0800111c   0x00000004   Code   RO         1448    i.u8g_Delay         u8g_arm.o
    0x08001120   0x08001120   0x00000016   Code   RO         1956    i.u8g_Draw8Pixel    u8g_ll_api.o
    0x08001136   0x08001136   0x0000001c   Code   RO         1957    i.u8g_Draw8PixelLL  u8g_ll_api.o
    0x08001152   0x08001152   0x0000002a   Code   RO         2165    i.u8g_DrawBox       u8g_rect.o
    0x0800117c   0x0800117c   0x00000038   Code   RO         1515    i.u8g_DrawStr       u8g_font.o
    0x080011b4   0x080011b4   0x00000010   Code   RO         1525    i.u8g_FillEmptyGlyphCache  u8g_font.o
    0x080011c4   0x080011c4   0x00000006   Code   RO         1960    i.u8g_FirstPage     u8g_ll_api.o
    0x080011ca   0x080011ca   0x00000036   Code   RO         1961    i.u8g_FirstPageLL   u8g_ll_api.o
    0x08001200   0x08001200   0x000000e2   Code   RO         1531    i.u8g_GetGlyph      u8g_font.o
    0x080012e2   0x080012e2   0x00000010   Code   RO         1966    i.u8g_GetHeightLL   u8g_ll_api.o
    0x080012f2   0x080012f2   0x0000000e   Code   RO         1967    i.u8g_GetModeLL     u8g_ll_api.o
    0x08001300   0x08001300   0x00000010   Code   RO         1968    i.u8g_GetWidthLL    u8g_ll_api.o
    0x08001310   0x08001310   0x0000000e   Code   RO         3709    i.u8g_InitCom       u8g_com_api.o
    0x0800131e   0x0800131e   0x0000001a   Code   RO         1970    i.u8g_InitComFn     u8g_ll_api.o
    0x08001338   0x08001338   0x0000002a   Code   RO         1971    i.u8g_InitLL        u8g_ll_api.o
    0x08001362   0x08001362   0x0000003a   Code   RO         3651    i.u8g_IsBBXIntersection  u8g_clip.o
    0x0800139c   0x0800139c   0x00000016   Code   RO         1972    i.u8g_NextPage      u8g_ll_api.o
    0x080013b2   0x080013b2   0x0000003a   Code   RO         1973    i.u8g_NextPageLL    u8g_ll_api.o
    0x080013ec   0x080013ec   0x0000000e   Code   RO         3710    i.u8g_SetAddress    u8g_com_api.o
    0x080013fa   0x080013fa   0x0000000e   Code   RO         3711    i.u8g_SetChipSelect  u8g_com_api.o
    0x08001408   0x08001408   0x0000001c   Code   RO         1542    i.u8g_SetFont       u8g_font.o
    0x08001424   0x08001424   0x0000000c   Code   RO         1544    i.u8g_SetFontPosBaseline  u8g_font.o
    0x08001430   0x08001430   0x00000010   Code   RO         3712    i.u8g_SetResetHigh  u8g_com_api.o
    0x08001440   0x08001440   0x00000010   Code   RO         3713    i.u8g_SetResetLow   u8g_com_api.o
    0x08001450   0x08001450   0x00000032   Code   RO         1986    i.u8g_UpdateDimension  u8g_ll_api.o
    0x08001482   0x08001482   0x00000002   PAD
    0x08001484   0x08001484   0x00000068   Code   RO         1551    i.u8g_UpdateRefHeight  u8g_font.o
    0x080014ec   0x080014ec   0x0000000e   Code   RO         3715    i.u8g_WriteByte     u8g_com_api.o
    0x080014fa   0x080014fa   0x000000a4   Code   RO         3716    i.u8g_WriteEscSeqP  u8g_com_api.o
    0x0800159e   0x0800159e   0x0000000c   Code   RO         3717    i.u8g_WriteSequence  u8g_com_api.o
    0x080015aa   0x080015aa   0x0000000a   Code   RO         1987    i.u8g_call_dev_fn   u8g_ll_api.o
    0x080015b4   0x080015b4   0x00000060   Code   RO         1450    i.u8g_com_hw_i2c_fn  u8g_arm.o
    0x08001614   0x08001614   0x00000004   Code   RO         3851    i.u8g_com_null_fn   u8g_com_null.o
    0x08001618   0x08001618   0x0000008a   Code   RO         2872    i.u8g_dev_pb8v1_base_fn  u8g_pb8v1.o
    0x080016a2   0x080016a2   0x00000002   PAD
    0x080016a4   0x080016a4   0x00000098   Code   RO         3774    i.u8g_dev_ssd1306_128x64_fn  u8g_dev_ssd1306_128x64.o
    0x0800173c   0x0800173c   0x0000002a   Code   RO         2171    i.u8g_draw_box      u8g_rect.o
    0x08001766   0x08001766   0x000000aa   Code   RO         1553    i.u8g_draw_glyph    u8g_font.o
    0x08001810   0x08001810   0x0000004c   Code   RO         2172    i.u8g_draw_hline    u8g_rect.o
    0x0800185c   0x0800185c   0x00000004   Code   RO         1557    i.u8g_font_GetCapitalAHeight  u8g_font.o
    0x08001860   0x08001860   0x00000006   Code   RO         1558    i.u8g_font_GetEncoding65Pos  u8g_font.o
    0x08001866   0x08001866   0x00000006   Code   RO         1559    i.u8g_font_GetEncoding97Pos  u8g_font.o
    0x0800186c   0x0800186c   0x00000006   Code   RO         1560    i.u8g_font_GetFontAscent  u8g_font.o
    0x08001872   0x08001872   0x00000006   Code   RO         1561    i.u8g_font_GetFontDescent  u8g_font.o
    0x08001878   0x08001878   0x00000004   Code   RO         1562    i.u8g_font_GetFontEndEncoding  u8g_font.o
    0x0800187c   0x0800187c   0x00000018   Code   RO         1563    i.u8g_font_GetFontGlyphStructureSize  u8g_font.o
    0x08001894   0x08001894   0x00000004   Code   RO         1564    i.u8g_font_GetFontStartEncoding  u8g_font.o
    0x08001898   0x08001898   0x00000006   Code   RO         1565    i.u8g_font_GetFontXAscent  u8g_font.o
    0x0800189e   0x0800189e   0x00000006   Code   RO         1566    i.u8g_font_GetFontXDescent  u8g_font.o
    0x080018a4   0x080018a4   0x00000004   Code   RO         1567    i.u8g_font_GetFormat  u8g_font.o
    0x080018a8   0x080018a8   0x0000000c   Code   RO         1568    i.u8g_font_GetGlyphDataStart  u8g_font.o
    0x080018b4   0x080018b4   0x00000006   Code   RO         1569    i.u8g_font_GetLowerGDescent  u8g_font.o
    0x080018ba   0x080018ba   0x00000004   Code   RO         1578    i.u8g_font_calc_vref_font  u8g_font.o
    0x080018be   0x080018be   0x00000014   Code   RO         1583    i.u8g_font_get_word  u8g_font.o
    0x080018d2   0x080018d2   0x00000002   PAD
    0x080018d4   0x080018d4   0x00000038   Code   RO         1988    i.u8g_init_data     u8g_ll_api.o
    0x0800190c   0x0800190c   0x00000018   Code   RO         3652    i.u8g_is_intersection_decision_tree  u8g_clip.o
    0x08001924   0x08001924   0x0000000e   Code   RO         3112    i.u8g_page_First    u8g_page.o
    0x08001932   0x08001932   0x0000002e   Code   RO         3114    i.u8g_page_Next     u8g_page.o
    0x08001960   0x08001960   0x00000052   Code   RO         2874    i.u8g_pb8v1_Set8PixelOpt2  u8g_pb8v1.o
    0x080019b2   0x080019b2   0x00000026   Code   RO         2876    i.u8g_pb8v1_SetPixel  u8g_pb8v1.o
    0x080019d8   0x080019d8   0x00000022   Code   RO         2877    i.u8g_pb8v1_set_pixel  u8g_pb8v1.o
    0x080019fa   0x080019fa   0x00000012   Code   RO         3064    i.u8g_pb_Clear      u8g_pb.o
    0x08001a0c   0x08001a0c   0x00000014   Code   RO         3065    i.u8g_pb_GetPageBox  u8g_pb.o
    0x08001a20   0x08001a20   0x0000002a   Code   RO         3066    i.u8g_pb_Is8PixelVisible  u8g_pb.o
    0x08001a4a   0x08001a4a   0x00000032   Code   RO         3069    i.u8g_pb_IsYIntersection  u8g_pb.o
    0x08001a7c   0x08001a7c   0x00000014   Code   RO         3070    i.u8g_pb_WriteBuffer  u8g_pb.o
    0x08001a90   0x08001a90   0x00000002   Code   RO         2339    i.u8g_state_dummy_cb  u8g_state.o
    0x08001a92   0x08001a92   0x00000002   PAD
    0x08001a94   0x08001a94   0x00000038   Code   RO         1451    i.u8g_xMicroDelay   u8g_arm.o
    0x08001acc   0x08001acc   0x00000a00   Data   RO         3462    .constdata          u8g_font_data.o
    0x080024cc   0x080024cc   0x00000070   Data   RO         3787    .constdata          u8g_dev_ssd1306_128x64.o
    0x0800253c   0x0800253c   0x00000010   Data   RO         4040    .constdata          system_stm32f1xx.o
    0x0800254c   0x0800254c   0x00000008   Data   RO         4041    .constdata          system_stm32f1xx.o
    0x08002554   0x08002554   0x00000020   Data   RO         4094    Region$$Table       anon$$obj.o


    Execution Region RW_IRAM1 (Exec base: 0x20000000, Load base: 0x08002574, Size: 0x00000948, Max: 0x00005000, ABSOLUTE)

    Exec Addr    Load Addr    Size         Type   Attr      Idx    E Section Name        Object

    0x20000000   0x08002574   0x0000000c   Data   RW         1069    .data               stm32f1xx_hal.o
    0x2000000c   0x08002580   0x00000010   Data   RW         1452    .data               u8g_arm.o
    0x2000001c   0x08002590   0x0000000c   Data   RW         3792    .data               u8g_dev_ssd1306_128x64.o
    0x20000028   0x0800259c   0x0000000c   Data   RW         3793    .data               u8g_dev_ssd1306_128x64.o
    0x20000034   0x080025a8   0x00000004   Data   RW         4042    .data               system_stm32f1xx.o
    0x20000038        -       0x00000080   Zero   RW         3778    .bss                u8g_dev_ssd1306_128x64.o
    0x200000b8        -       0x00000090   Zero   RW         3947    .bss                main.o
    0x20000148        -       0x00000800   Zero   RW            1    STACK               startup_stm32f103xb.o


==============================================================================

Image component sizes


      Code (inc. data)   RO Data    RW Data    ZI Data      Debug   Object Name

       382         50          0          0        144       3264   main.o
        36          8        236          0       2048        796   startup_stm32f103xb.o
       164         28          0         12          0       3793   stm32f1xx_hal.o
       206         14          0          0          0      26704   stm32f1xx_hal_cortex.o
         0          0          0          0          0     404288   stm32f1xx_hal_flash.o
       454         36          0          0          0       2860   stm32f1xx_hal_gpio.o
      1224         32          0          0          0       8995   stm32f1xx_hal_i2c.o
       196         24          0          0          0       1472   stm32f1xx_hal_msp.o
      1264         92          0          0          0       5037   stm32f1xx_hal_rcc.o
        30          0          0          0          0       3762   stm32f1xx_it.o
        72         16         24          4          0       1139   system_stm32f1xx.o
       156         26          0         16          0      45065   u8g_arm.o
        82          0          0          0          0       1928   u8g_clip.o
       264          0          0          0          0       5255   u8g_com_api.o
         4          0          0          0          0        518   u8g_com_null.o
       152          6        112         24        128      46732   u8g_dev_ssd1306_128x64.o
       730         10          0          0          0      57317   u8g_font.o
         0          0       2560          0          0      49807   u8g_font_data.o
       444          4          0          0          0       9915   u8g_ll_api.o
        60          0          0          0          0       1353   u8g_page.o
       150          0          0          0          0       3391   u8g_pb.o
       292          0          0          0          0       3101   u8g_pb8v1.o
       160          0          0          0          0       2350   u8g_rect.o
         2          0          0          0          0        445   u8g_state.o

    ----------------------------------------------------------------------
      6538        346       2964         56       2320     689287   Object Totals
         0          0         32          0          0          0   (incl. Generated)
        14          0          0          0          0          0   (incl. Padding)

    ----------------------------------------------------------------------

      Code (inc. data)   RO Data    RW Data    ZI Data      Debug   Library Member Name

         0          0          0          0          0          0   entry.o
         0          0          0          0          0          0   entry10a.o
         0          0          0          0          0          0   entry11a.o
         8          4          0          0          0          0   entry2.o
         4          0          0          0          0          0   entry5.o
         0          0          0          0          0          0   entry7b.o
         0          0          0          0          0          0   entry8b.o
         8          4          0          0          0          0   entry9a.o
        30          0          0          0          0          0   handlers.o
        36          8          0          0          0         68   init.o

    ----------------------------------------------------------------------
        86         16          0          0          0         68   Library Totals
         0          0          0          0          0          0   (incl. Padding)

    ----------------------------------------------------------------------

      Code (inc. data)   RO Data    RW Data    ZI Data      Debug   Library Name

        86         16          0          0          0         68   mc_w.l

    ----------------------------------------------------------------------
        86         16          0          0          0         68   Library Totals

    ----------------------------------------------------------------------

==============================================================================


      Code (inc. data)   RO Data    RW Data    ZI Data      Debug   

      6624        362       2964         56       2320     684099   Grand Totals
      6624        362       2964         56       2320     684099   ELF Image Totals
      6624        362       2964         56          0          0   ROM Totals

==============================================================================

    Total RO  Size (Code + RO Data)                 9588 (   9.36kB)
    Total RW  Size (RW Data + ZI Data)              2376 (   2.32kB)
    Total ROM Size (Code + RO Data + RW Data)       9644 (   9.42kB)

==============================================================================

